Component: Arm Compiler for Embedded 6.19 Tool: armlink [5e73cb00]

==============================================================================

Section Cross References

    main.o(.text.main) refers to main.o(.rodata.str1.1) for .L__const.main.arr
    main.o(.text.main) refers to rt_memcpy_v6.o(.text) for __aeabi_memcpy
    main.o(.text.main) refers to uart.o(.text.UART5_Init) for UART5_Init
    main.o(.text.main) refers to adxl345.o(.text.ADXL_Init) for ADXL_Init
    main.o(.text.main) refers to adxl345.o(.text.ADXL_Read) for ADXL_Read
    main.o(.text.main) refers to adxl345.o(.bss.data) for data
    main.o(.text.main) refers to main.o(.bss.x) for x
    main.o(.text.main) refers to main.o(.bss.y) for y
    main.o(.text.main) refers to main.o(.bss.z) for z
    main.o(.ARM.exidx.text.main) refers to main.o(.text.main) for [Anonymous Symbol]
    uart.o(.ARM.exidx.text.UART5_Init) refers to uart.o(.text.UART5_Init) for [Anonymous Symbol]
    uart.o(.ARM.exidx.text.UART5_SendCharachter) refers to uart.o(.text.UART5_SendCharachter) for [Anonymous Symbol]
    uart.o(.text.UART5_SendString) refers to uart.o(.text.UART5_SendCharachter) for UART5_SendCharachter
    uart.o(.ARM.exidx.text.UART5_SendString) refers to uart.o(.text.UART5_SendString) for [Anonymous Symbol]
    i2c.o(.ARM.exidx.text.I2C_Init) refers to i2c.o(.text.I2C_Init) for [Anonymous Symbol]
    i2c.o(.ARM.exidx.text.I2C_Read_Byte) refers to i2c.o(.text.I2C_Read_Byte) for [Anonymous Symbol]
    i2c.o(.ARM.exidx.text.I2C_MORE_BYTE_READ) refers to i2c.o(.text.I2C_MORE_BYTE_READ) for [Anonymous Symbol]
    i2c.o(.ARM.exidx.text.I2C_MORE_BYTE_WRITE) refers to i2c.o(.text.I2C_MORE_BYTE_WRITE) for [Anonymous Symbol]
    adxl345.o(.text.ADXL_Read_Address) refers to adxl345.o(.bss.result) for result
    adxl345.o(.text.ADXL_Read_Address) refers to i2c.o(.text.I2C_Read_Byte) for I2C_Read_Byte
    adxl345.o(.ARM.exidx.text.ADXL_Read_Address) refers to adxl345.o(.text.ADXL_Read_Address) for [Anonymous Symbol]
    adxl345.o(.text.ADXL_Write) refers to i2c.o(.text.I2C_MORE_BYTE_WRITE) for I2C_MORE_BYTE_WRITE
    adxl345.o(.ARM.exidx.text.ADXL_Write) refers to adxl345.o(.text.ADXL_Write) for [Anonymous Symbol]
    adxl345.o(.text.ADXL_Read) refers to adxl345.o(.bss.data) for data
    adxl345.o(.text.ADXL_Read) refers to i2c.o(.text.I2C_MORE_BYTE_READ) for I2C_MORE_BYTE_READ
    adxl345.o(.ARM.exidx.text.ADXL_Read) refers to adxl345.o(.text.ADXL_Read) for [Anonymous Symbol]
    adxl345.o(.text.ADXL_Init) refers to i2c.o(.text.I2C_Init) for I2C_Init
    adxl345.o(.text.ADXL_Init) refers to adxl345.o(.text.ADXL_Read_Address) for ADXL_Read_Address
    adxl345.o(.text.ADXL_Init) refers to adxl345.o(.text.ADXL_Write) for ADXL_Write
    adxl345.o(.ARM.exidx.text.ADXL_Init) refers to adxl345.o(.text.ADXL_Init) for [Anonymous Symbol]
    rtx_lib.o(.text._platform_post_stackheap_init) refers to rtx_kernel.o(.text.osKernelInitialize) for osKernelInitialize
    rtx_lib.o(.ARM.exidx.text._platform_post_stackheap_init) refers to rtx_lib.o(.text._platform_post_stackheap_init) for [Anonymous Symbol]
    rtx_lib.o(.text.$Sub$$_fp_init) refers to fpinit.o(x$fpl$fpinit) for $Super$$_fp_init
    rtx_lib.o(.ARM.exidx.text.$Sub$$_fp_init) refers to rtx_lib.o(.text.$Sub$$_fp_init) for [Anonymous Symbol]
    rtx_lib.o(.text.__user_perthread_libspace) refers to rtx_lib.o(.text.os_kernel_is_active) for os_kernel_is_active
    rtx_lib.o(.text.__user_perthread_libspace) refers to rtx_thread.o(.text.osThreadGetId) for osThreadGetId
    rtx_lib.o(.text.__user_perthread_libspace) refers to rtx_lib.o(.bss.os.libspace) for os_libspace_id
    rtx_lib.o(.text.__user_perthread_libspace) refers to rtx_kernel.o(.text.osRtxKernelErrorNotify) for osRtxKernelErrorNotify
    rtx_lib.o(.ARM.exidx.text.__user_perthread_libspace) refers to rtx_lib.o(.text.__user_perthread_libspace) for [Anonymous Symbol]
    rtx_lib.o(.text.os_kernel_is_active) refers to rtx_lib.o(.bss.os_kernel_is_active.os_kernel_active) for os_kernel_is_active.os_kernel_active
    rtx_lib.o(.text.os_kernel_is_active) refers to rtx_kernel.o(.text.osKernelGetState) for osKernelGetState
    rtx_lib.o(.ARM.exidx.text.os_kernel_is_active) refers to rtx_lib.o(.text.os_kernel_is_active) for [Anonymous Symbol]
    rtx_lib.o(.text._mutex_initialize) refers to rtx_mutex.o(.text.osMutexNew) for osMutexNew
    rtx_lib.o(.text._mutex_initialize) refers to rtx_kernel.o(.text.osRtxKernelErrorNotify) for osRtxKernelErrorNotify
    rtx_lib.o(.ARM.exidx.text._mutex_initialize) refers to rtx_lib.o(.text._mutex_initialize) for [Anonymous Symbol]
    rtx_lib.o(.text._mutex_acquire) refers to rtx_lib.o(.text.os_kernel_is_active) for os_kernel_is_active
    rtx_lib.o(.text._mutex_acquire) refers to rtx_mutex.o(.text.osMutexAcquire) for osMutexAcquire
    rtx_lib.o(.ARM.exidx.text._mutex_acquire) refers to rtx_lib.o(.text._mutex_acquire) for [Anonymous Symbol]
[...]
    Removing rtx_msgqueue.o(.text.svcRtxMessageQueueGetMsgSize), (16 bytes).
    Removing rtx_msgqueue.o(.ARM.exidx.text.svcRtxMessageQueueGetMsgSize), (8 bytes).
    Removing rtx_msgqueue.o(.text.osMessageQueueGetCount), (48 bytes).
    Removing rtx_msgqueue.o(.ARM.exidx.text.osMessageQueueGetCount), (8 bytes).
    Removing rtx_msgqueue.o(.text.svcRtxMessageQueueGetCount), (16 bytes).
    Removing rtx_msgqueue.o(.ARM.exidx.text.svcRtxMessageQueueGetCount), (8 bytes).
    Removing rtx_msgqueue.o(.text.osMessageQueueGetSpace), (36 bytes).
    Removing rtx_msgqueue.o(.ARM.exidx.text.osMessageQueueGetSpace), (8 bytes).
    Removing rtx_msgqueue.o(.text.svcRtxMessageQueueGetSpace), (20 bytes).
    Removing rtx_msgqueue.o(.ARM.exidx.text.svcRtxMessageQueueGetSpace), (8 bytes).
    Removing rtx_msgqueue.o(.text.osMessageQueueReset), (36 bytes).
    Removing rtx_msgqueue.o(.ARM.exidx.text.osMessageQueueReset), (8 bytes).
    Removing rtx_msgqueue.o(.text.osMessageQueueDelete), (36 bytes).
    Removing rtx_msgqueue.o(.ARM.exidx.text.osMessageQueueDelete), (8 bytes).
    Removing rtx_msgqueue.o(.ARM.exidx.text.osRtxMessageQueuePostProcess), (8 bytes).
    Removing rtx_msgqueue.o(.ARM.exidx.text.MessageQueueRemove), (8 bytes).
    Removing rtx_msgqueue.o(.ARM.exidx.text.MessageQueuePut), (8 bytes).
    Removing rtx_msgqueue.o(.text.svcRtxMessageQueueGetName), (16 bytes).
    Removing rtx_msgqueue.o(.ARM.exidx.text.svcRtxMessageQueueGetName), (8 bytes).
    Removing rtx_msgqueue.o(.ARM.exidx.text.svcRtxMessageQueuePut), (8 bytes).
    Removing rtx_msgqueue.o(.ARM.exidx.text.MessageQueueGet), (8 bytes).
    Removing rtx_msgqueue.o(.ARM.exidx.text.svcRtxMessageQueueGet), (8 bytes).
    Removing rtx_msgqueue.o(.text.svcRtxMessageQueueReset), (166 bytes).
    Removing rtx_msgqueue.o(.ARM.exidx.text.svcRtxMessageQueueReset), (8 bytes).
    Removing rtx_msgqueue.o(.text.svcRtxMessageQueueDelete), (108 bytes).
    Removing rtx_msgqueue.o(.ARM.exidx.text.svcRtxMessageQueueDelete), (8 bytes).
    Removing rtx_msgqueue.o(.ARM.exidx.text.OUTLINED_FUNCTION_0), (8 bytes).
    Removing rtx_msgqueue.o(.ARM.exidx.text.OUTLINED_FUNCTION_1), (8 bytes).
    Removing rtx_system.o(.text), (0 bytes).
    Removing rtx_system.o(.ARM.exidx.text.osRtxTick_Handler), (8 bytes).
    Removing rtx_system.o(.ARM.exidx.text.osRtxPendSV_Handler), (8 bytes).
    Removing rtx_system.o(.ARM.exidx.text.osRtxPostProcess), (8 bytes).
    Removing os_systick.o(.text), (0 bytes).
    Removing os_systick.o(.text.OS_Tick_Setup), (64 bytes).
    Removing os_systick.o(.ARM.exidx.text.OS_Tick_Setup), (8 bytes).
    Removing os_systick.o(.text.OS_Tick_Enable), (44 bytes).
    Removing os_systick.o(.ARM.exidx.text.OS_Tick_Enable), (8 bytes).
    Removing os_systick.o(.text.OS_Tick_Disable), (44 bytes).
    Removing os_systick.o(.ARM.exidx.text.OS_Tick_Disable), (8 bytes).
    Removing os_systick.o(.ARM.exidx.text.OS_Tick_AcknowledgeIRQ), (8 bytes).
    Removing os_systick.o(.text.OS_Tick_GetIRQn), (6 bytes).
    Removing os_systick.o(.ARM.exidx.text.OS_Tick_GetIRQn), (8 bytes).
    Removing os_systick.o(.text.OS_Tick_GetClock), (12 bytes).
    Removing os_systick.o(.ARM.exidx.text.OS_Tick_GetClock), (8 bytes).
    Removing os_systick.o(.text.OS_Tick_GetInterval), (12 bytes).
    Removing os_systick.o(.ARM.exidx.text.OS_Tick_GetInterval), (8 bytes).
    Removing os_systick.o(.text.OS_Tick_GetCount), (16 bytes).
    Removing os_systick.o(.ARM.exidx.text.OS_Tick_GetCount), (8 bytes).
    Removing os_systick.o(.text.OS_Tick_GetOverflow), (16 bytes).
    Removing os_systick.o(.ARM.exidx.text.OS_Tick_GetOverflow), (8 bytes).
    Removing os_systick.o(.bss.os), (1 bytes).

386 unused section(s) (total 9670 bytes) removed from the image.

==============================================================================

Image Symbol Table

    Local Symbols

    Symbol Name                              Value     Ov Type        Size  Object(Section)

    ../clib/angel/boardlib.s                 0x00000000   Number         0  boardinit1.o ABSOLUTE
    ../clib/angel/boardlib.s                 0x00000000   Number         0  boardinit3.o ABSOLUTE
    ../clib/angel/boardlib.s                 0x00000000   Number         0  boardshut.o ABSOLUTE
    ../clib/angel/handlers.s                 0x00000000   Number         0  __scatter_copy.o ABSOLUTE
    ../clib/angel/handlers.s                 0x00000000   Number         0  __scatter_zi.o ABSOLUTE
    ../clib/angel/kernel.s                   0x00000000   Number         0  __rtentry.o ABSOLUTE
    ../clib/angel/kernel.s                   0x00000000   Number         0  __rtentry2.o ABSOLUTE
    ../clib/angel/kernel.s                   0x00000000   Number         0  __rtentry4.o ABSOLUTE
    ../clib/angel/kernel.s                   0x00000000   Number         0  rtexit.o ABSOLUTE
    ../clib/angel/kernel.s                   0x00000000   Number         0  rtexit2.o ABSOLUTE
    ../clib/angel/rt.s                       0x00000000   Number         0  rt_raise.o ABSOLUTE
    ../clib/angel/scatter.s                  0x00000000   Number         0  __scatter.o ABSOLUTE
    ../clib/angel/startup.s                  0x00000000   Number         0  __main.o ABSOLUTE
    ../clib/angel/sys.s                      0x00000000   Number         0  sys_stackheap_outer.o ABSOLUTE
    ../clib/angel/sys.s                      0x00000000   Number         0  libspace.o ABSOLUTE
    ../clib/angel/sys.s                      0x00000000   Number         0  use_no_semi.o ABSOLUTE
    ../clib/angel/sys.s                      0x00000000   Number         0  indicate_semi.o ABSOLUTE
    ../clib/angel/sysapp.c                   0x00000000   Number         0  sys_exit.o ABSOLUTE
    ../clib/angel/sysapp.c                   0x00000000   Number         0  sys_exit_hlt.o ABSOLUTE
    ../clib/angel/sysapp.c                   0x00000000   Number         0  sys_command.o ABSOLUTE
    ../clib/angel/sysapp.c                   0x00000000   Number         0  sys_command_hlt.o ABSOLUTE
    ../clib/angel/sysapp.c                   0x00000000   Number         0  sys_wrch.o ABSOLUTE
    ../clib/angel/sysapp.c                   0x00000000   Number         0  sys_wrch_hlt.o ABSOLUTE
    ../clib/armsys.c                         0x00000000   Number         0  argv_veneer.o ABSOLUTE
    ../clib/armsys.c                         0x00000000   Number         0  argv_veneer.o ABSOLUTE
    ../clib/armsys.c                         0x00000000   Number         0  _get_argv_nomalloc.o ABSOLUTE
    ../clib/armsys.c                         0x00000000   Number         0  no_argv.o ABSOLUTE
    ../clib/heapalloc.c                      0x00000000   Number         0  hrguard.o ABSOLUTE
    ../clib/heapaux.c                        0x00000000   Number         0  heapauxi.o ABSOLUTE
    ../clib/libinit.s                        0x00000000   Number         0  libinit.o ABSOLUTE
    ../clib/libinit.s                        0x00000000   Number         0  libinit2.o ABSOLUTE
    ../clib/libinit.s                        0x00000000   Number         0  libshutdown.o ABSOLUTE
    ../clib/libinit.s                        0x00000000   Number         0  libshutdown2.o ABSOLUTE
    ../clib/memcpset.s                       0x00000000   Number         0  rt_memcpy_v6.o ABSOLUTE
    ../clib/memcpset.s                       0x00000000   Number         0  rt_memclr.o ABSOLUTE
    ../clib/memcpset.s                       0x00000000   Number         0  rt_memclr_w.o ABSOLUTE
    ../clib/memcpset.s                       0x00000000   Number         0  rt_memcpy_w.o ABSOLUTE
    ../clib/signal.c                         0x00000000   Number         0  defsig_rtmem_outer.o ABSOLUTE
    ../clib/signal.c                         0x00000000   Number         0  defsig_rtmem_formal.o ABSOLUTE
    ../clib/signal.c                         0x00000000   Number         0  defsig_exit.o ABSOLUTE
    ../clib/signal.c                         0x00000000   Number         0  defsig_rtmem_inner.o ABSOLUTE
    ../clib/signal.c                         0x00000000   Number         0  __raise.o ABSOLUTE
    ../clib/signal.c                         0x00000000   Number         0  defsig_general.o ABSOLUTE
    ../clib/signal.c                         0x00000000   Number         0  defsig_abrt_inner.o ABSOLUTE
    ../clib/signal.c                         0x00000000   Number         0  defsig_fpe_inner.o ABSOLUTE
    ../clib/signal.c                         0x00000000   Number         0  defsig_rtred_inner.o ABSOLUTE
    ../clib/signal.c                         0x00000000   Number         0  defsig_stak_inner.o ABSOLUTE
    ../clib/signal.c                         0x00000000   Number         0  defsig_pvfn_inner.o ABSOLUTE
    ../clib/signal.c                         0x00000000   Number         0  defsig_cppl_inner.o ABSOLUTE
    ../clib/signal.c                         0x00000000   Number         0  defsig_segv_inner.o ABSOLUTE
    ../clib/signal.c                         0x00000000   Number         0  defsig_other.o ABSOLUTE
    ../clib/signal.s                         0x00000000   Number         0  defsig.o ABSOLUTE
    ../clib/stdlib.c                         0x00000000   Number         0  exit.o ABSOLUTE
    ../fplib/fpinit.s                        0x00000000   Number         0  fpinit.o ABSOLUTE
    ADXL345.c                                0x00000000   Number         0  adxl345.o ABSOLUTE
    RTE/Device/STM32F429ZITx/startup_stm32f429xx.s 0x00000000   Number         0  startup_stm32f429xx.o ABSOLUTE
    RTX_Config.c                             0x00000000   Number         0  rtx_config.o ABSOLUTE
    dc.s                                     0x00000000   Number         0  dc.o ABSOLUTE
    i2c.c                                    0x00000000   Number         0  i2c.o ABSOLUTE
    main.c                                   0x00000000   Number         0  main.o ABSOLUTE
    os_systick.c                             0x00000000   Number         0  os_systick.o ABSOLUTE
    rtx_kernel.c                             0x00000000   Number         0  rtx_kernel.o ABSOLUTE
    rtx_lib.c                                0x00000000   Number         0  rtx_lib.o ABSOLUTE
    rtx_memory.c                             0x00000000   Number         0  rtx_memory.o ABSOLUTE
    rtx_mempool.c                            0x00000000   Number         0  rtx_mempool.o ABSOLUTE
    rtx_msgqueue.c                           0x00000000   Number         0  rtx_msgqueue.o ABSOLUTE
    rtx_mutex.c                              0x00000000   Number         0  rtx_mutex.o ABSOLUTE
    rtx_system.c                             0x00000000   Number         0  rtx_system.o ABSOLUTE
    rtx_thread.c                             0x00000000   Number         0  rtx_thread.o ABSOLUTE
    rtx_timer.c                              0x00000000   Number         0  rtx_timer.o ABSOLUTE
    system_stm32f4xx.c                       0x00000000   Number         0  system_stm32f4xx.o ABSOLUTE
    uart.c                                   0x00000000   Number         0  uart.o ABSOLUTE
    FPU_USED                                 0x00000001   Number         0  irq_armv7m.o ABSOLUTE
    osRtxErrorStackOverflow                  0x00000001   Number         0  irq_armv7m.o ABSOLUTE
    I_T_RUN_OFS                              0x00000014   Number         0  irq_armv7m.o ABSOLUTE
    TCB_SF_OFS                               0x00000022   Number         0  irq_armv7m.o ABSOLUTE
    TCB_SP_OFS                               0x00000038   Number         0  irq_armv7m.o ABSOLUTE
    RESET                                    0x08000000   Section      428  startup_stm32f429xx.o(RESET)
    !!!main                                  0x080001ac   Section        8  __main.o(!!!main)
    !!!scatter                               0x080001b4   Section       52  __scatter.o(!!!scatter)
    !!handler_copy                           0x080001e8   Section       26  __scatter_copy.o(!!handler_copy)
    !!handler_zi                             0x08000204   Section       28  __scatter_zi.o(!!handler_zi)
    .ARM.Collect$$libinit$$00000000          0x08000220   Section        2  libinit.o(.ARM.Collect$$libinit$$00000000)
    .ARM.Collect$$libinit$$00000001          0x08000222   Section        4  libinit2.o(.ARM.Collect$$libinit$$00000001)
    .ARM.Collect$$libinit$$00000004          0x08000226   Section        0  libinit2.o(.ARM.Collect$$libinit$$00000004)
    .ARM.Collect$$libinit$$00000006          0x08000226   Section        0  libinit2.o(.ARM.Collect$$libinit$$00000006)
    .ARM.Collect$$libinit$$0000000C          0x08000226   Section        0  libinit2.o(.ARM.Collect$$libinit$$0000000C)
    .ARM.Collect$$libinit$$0000000E          0x08000226   Section        0  libinit2.o(.ARM.Collect$$libinit$$0000000E)
    .ARM.Collect$$libinit$$00000010          0x08000226   Section        0  libinit2.o(.ARM.Collect$$libinit$$00000010)
    .ARM.Collect$$libinit$$00000013          0x08000226   Section        0  libinit2.o(.ARM.Collect$$libinit$$00000013)
    .ARM.Collect$$libinit$$00000015          0x08000226   Section        0  libinit2.o(.ARM.Collect$$libinit$$00000015)
    .ARM.Collect$$libinit$$00000017          0x08000226   Section        0  libinit2.o(.ARM.Collect$$libinit$$00000017)
    .ARM.Collect$$libinit$$00000019          0x08000226   Section        0  libinit2.o(.ARM.Collect$$libinit$$00000019)
    .ARM.Collect$$libinit$$0000001B          0x08000226   Section        0  libinit2.o(.ARM.Collect$$libinit$$0000001B)
    .ARM.Collect$$libinit$$0000001D          0x08000226   Section        0  libinit2.o(.ARM.Collect$$libinit$$0000001D)
    .ARM.Collect$$libinit$$0000001F          0x08000226   Section        0  libinit2.o(.ARM.Collect$$libinit$$0000001F)
    .ARM.Collect$$libinit$$00000021          0x08000226   Section        0  libinit2.o(.ARM.Collect$$libinit$$00000021)
    .ARM.Collect$$libinit$$00000023          0x08000226   Section        0  libinit2.o(.ARM.Collect$$libinit$$00000023)
    .ARM.Collect$$libinit$$00000025          0x08000226   Section        0  libinit2.o(.ARM.Collect$$libinit$$00000025)
    .ARM.Collect$$libinit$$00000027          0x08000226   Section        0  libinit2.o(.ARM.Collect$$libinit$$00000027)
    .ARM.Collect$$libinit$$0000002E          0x08000226   Section        0  libinit2.o(.ARM.Collect$$libinit$$0000002E)
    .ARM.Collect$$libinit$$00000030          0x08000226   Section        0  libinit2.o(.ARM.Collect$$libinit$$00000030)
    .ARM.Collect$$libinit$$00000032          0x08000226   Section        0  libinit2.o(.ARM.Collect$$libinit$$00000032)
    .ARM.Collect$$libinit$$00000034          0x08000226   Section        0  libinit2.o(.ARM.Collect$$libinit$$00000034)
    .ARM.Collect$$libinit$$00000035          0x08000226   Section        2  libinit2.o(.ARM.Collect$$libinit$$00000035)
    .ARM.Collect$$libshutdown$$00000000      0x08000228   Section        2  libshutdown.o(.ARM.Collect$$libshutdown$$00000000)
    .ARM.Collect$$libshutdown$$00000002      0x0800022a   Section        0  libshutdown2.o(.ARM.Collect$$libshutdown$$00000002)
    .ARM.Collect$$libshutdown$$00000004      0x0800022a   Section        0  libshutdown2.o(.ARM.Collect$$libshutdown$$00000004)
    .ARM.Collect$$libshutdown$$00000007      0x0800022a   Section        0  libshutdown2.o(.ARM.Collect$$libshutdown$$00000007)
    .ARM.Collect$$libshutdown$$0000000A      0x0800022a   Section        0  libshutdown2.o(.ARM.Collect$$libshutdown$$0000000A)
    .ARM.Collect$$libshutdown$$0000000C      0x0800022a   Section        0  libshutdown2.o(.ARM.Collect$$libshutdown$$0000000C)
    .ARM.Collect$$libshutdown$$0000000F      0x0800022a   Section        0  libshutdown2.o(.ARM.Collect$$libshutdown$$0000000F)
    .ARM.Collect$$libshutdown$$00000010      0x0800022a   Section        2  libshutdown2.o(.ARM.Collect$$libshutdown$$00000010)
    .ARM.Collect$$rtentry$$00000000          0x0800022c   Section        0  __rtentry.o(.ARM.Collect$$rtentry$$00000000)
    .ARM.Collect$$rtentry$$00000002          0x0800022c   Section        0  __rtentry2.o(.ARM.Collect$$rtentry$$00000002)
    .ARM.Collect$$rtentry$$00000004          0x0800022c   Section        6  __rtentry4.o(.ARM.Collect$$rtentry$$00000004)
    .ARM.Collect$$rtentry$$00000008          0x08000232   Section        8  __rtentry2.o(.ARM.Collect$$rtentry$$00000008)
    .ARM.Collect$$rtentry$$0000000A          0x0800023a   Section        4  __rtentry2.o(.ARM.Collect$$rtentry$$0000000A)
    .ARM.Collect$$rtentry$$0000000C          0x0800023e   Section        0  __rtentry2.o(.ARM.Collect$$rtentry$$0000000C)
    .ARM.Collect$$rtentry$$0000000D          0x0800023e   Section        8  __rtentry2.o(.ARM.Collect$$rtentry$$0000000D)
    .ARM.Collect$$rtexit$$00000000           0x08000246   Section        2  rtexit.o(.ARM.Collect$$rtexit$$00000000)
    .ARM.Collect$$rtexit$$00000002           0x08000248   Section        0  rtexit2.o(.ARM.Collect$$rtexit$$00000002)
    .ARM.Collect$$rtexit$$00000003           0x08000248   Section        4  rtexit2.o(.ARM.Collect$$rtexit$$00000003)
    .ARM.Collect$$rtexit$$00000004           0x0800024c   Section        6  rtexit2.o(.ARM.Collect$$rtexit$$00000004)
    $v0                                      0x08000254   Number         0  startup_stm32f429xx.o(.text)
    .text                                    0x08000254   Section       64  startup_stm32f429xx.o(.text)
    [Anonymous Symbol]                       0x08000294   Section        0  irq_armv7m.o(.text)
    SVC_Context                              0x080002bc   Number         0  irq_armv7m.o(.text)
    SVC_FP_LazyState                         0x080002cc   Number         0  irq_armv7m.o(.text)
    SVC_ContextSave                          0x080002de   Number         0  irq_armv7m.o(.text)
    SVC_ContextRestore                       0x080002f4   Number         0  irq_armv7m.o(.text)
    SVC_Exit                                 0x08000310   Number         0  irq_armv7m.o(.text)
    SVC_User                                 0x08000312   Number         0  irq_armv7m.o(.text)
    .text                                    0x0800035c   Section      138  rt_memcpy_v6.o(.text)
    .text                                    0x080003e6   Section       68  rt_memclr.o(.text)
    .text                                    0x0800042a   Section       78  rt_memclr_w.o(.text)
    .text                                    0x08000478   Section        0  heapauxi.o(.text)
    .text                                    0x0800047e   Section      100  rt_memcpy_w.o(.text)
    .text                                    0x080004e2   Section       74  sys_stackheap_outer.o(.text)
    .text                                    0x0800052c   Section        0  exit.o(.text)
    .text                                    0x08000540   Section        8  libspace.o(.text)
    .text                                    0x08000548   Section        0  sys_exit.o(.text)
    .text                                    0x08000554   Section        2  use_no_semi.o(.text)
    .text                                    0x08000556   Section        0  indicate_semi.o(.text)
    [Anonymous Symbol]                       0x08000558   Section        0  rtx_lib.o(.text.$Sub$$_fp_init)
    [Anonymous Symbol]                       0x08000570   Section        0  adxl345.o(.text.ADXL_Init)
    [Anonymous Symbol]                       0x080005a0   Section        0  adxl345.o(.text.ADXL_Read)
    [Anonymous Symbol]                       0x080005c0   Section        0  adxl345.o(.text.ADXL_Read_Address)
    [Anonymous Symbol]                       0x080005e0   Section        0  adxl345.o(.text.ADXL_Write)
    [Anonymous Symbol]                       0x08000600   Section        0  i2c.o(.text.I2C_Init)
    [Anonymous Symbol]                       0x080006c8   Section        0  i2c.o(.text.I2C_MORE_BYTE_READ)
    [Anonymous Symbol]                       0x08000874   Section        0  i2c.o(.text.I2C_MORE_BYTE_WRITE)
    [Anonymous Symbol]                       0x08000984   Section        0  i2c.o(.text.I2C_Read_Byte)
    MessageQueueGet                          0x08000ac1   Thumb Code    64  rtx_msgqueue.o(.text.MessageQueueGet)
    [Anonymous Symbol]                       0x08000ac0   Section        0  rtx_msgqueue.o(.text.MessageQueueGet)
    MessageQueuePut                          0x08000b01   Thumb Code    88  rtx_msgqueue.o(.text.MessageQueuePut)
    [Anonymous Symbol]                       0x08000b00   Section        0  rtx_msgqueue.o(.text.MessageQueuePut)
    MessageQueueRemove                       0x08000b59   Thumb Code    28  rtx_msgqueue.o(.text.MessageQueueRemove)
    [Anonymous Symbol]                       0x08000b58   Section        0  rtx_msgqueue.o(.text.MessageQueueRemove)
    [Anonymous Symbol]                       0x08000b74   Section        0  os_systick.o(.text.OS_Tick_AcknowledgeIRQ)
    __arm_cp.3_0                             0x08000b7c   Number         4  os_systick.o(.text.OS_Tick_AcknowledgeIRQ)
    OUTLINED_FUNCTION_0                      0x08000b81   Thumb Code    12  rtx_kernel.o(.text.OUTLINED_FUNCTION_0)
    [Anonymous Symbol]                       0x08000b80   Section        0  rtx_kernel.o(.text.OUTLINED_FUNCTION_0)
    OUTLINED_FUNCTION_0                      0x08000b8d   Thumb Code    12  rtx_msgqueue.o(.text.OUTLINED_FUNCTION_0)
    [Anonymous Symbol]                       0x08000b8c   Section        0  rtx_msgqueue.o(.text.OUTLINED_FUNCTION_0)
    OUTLINED_FUNCTION_1                      0x08000b99   Thumb Code     6  rtx_msgqueue.o(.text.OUTLINED_FUNCTION_1)
    [Anonymous Symbol]                       0x08000b98   Section        0  rtx_msgqueue.o(.text.OUTLINED_FUNCTION_1)
    [Anonymous Symbol]                       0x08000ba0   Section        0  system_stm32f4xx.o(.text.SystemInit)
    TimerInsert                              0x08000bb5   Thumb Code    68  rtx_timer.o(.text.TimerInsert)
    [Anonymous Symbol]                       0x08000bb4   Section        0  rtx_timer.o(.text.TimerInsert)
    [Anonymous Symbol]                       0x08000bf8   Section        0  uart.o(.text.UART5_Init)
    __tagsym$$used.1                         0x08000cd8   Number         0  rtx_lib.o(.text._mutex_acquire)
    [Anonymous Symbol]                       0x08000cd8   Section        0  rtx_lib.o(.text._mutex_acquire)
    __tagsym$$used.3                         0x08000cf8   Number         0  rtx_lib.o(.text._mutex_free)
    [Anonymous Symbol]                       0x08000cf8   Section        0  rtx_lib.o(.text._mutex_free)
    __tagsym$$used.0                         0x08000d0c   Number         0  rtx_lib.o(.text._mutex_initialize)
    [Anonymous Symbol]                       0x08000d0c   Section        0  rtx_lib.o(.text._mutex_initialize)
    __tagsym$$used.2                         0x08000d40   Number         0  rtx_lib.o(.text._mutex_release)
    [Anonymous Symbol]                       0x08000d40   Section        0  rtx_lib.o(.text._mutex_release)
    [Anonymous Symbol]                       0x08000d5c   Section        0  rtx_lib.o(.text._platform_post_stackheap_init)
    [Anonymous Symbol]                       0x08000d64   Section        0  main.o(.text.main)
    [Anonymous Symbol]                       0x08000dd0   Section        0  rtx_kernel.o(.text.osKernelGetState)
    __arm_cp.5_0                             0x08000df8   Number         4  rtx_kernel.o(.text.osKernelGetState)
    __arm_cp.5_1                             0x08000dfc   Number         4  rtx_kernel.o(.text.osKernelGetState)
    [Anonymous Symbol]                       0x08000e00   Section        0  rtx_kernel.o(.text.osKernelInitialize)
    __arm_cp.2_0                             0x08000e28   Number         4  rtx_kernel.o(.text.osKernelInitialize)
    [Anonymous Symbol]                       0x08000e2c   Section        0  rtx_msgqueue.o(.text.osMessageQueueGet)
    __arm_cp.5_0                             0x08000e98   Number         4  rtx_msgqueue.o(.text.osMessageQueueGet)
    [Anonymous Symbol]                       0x08000e9c   Section        0  rtx_msgqueue.o(.text.osMessageQueuePut)
    __arm_cp.4_0                             0x08000f18   Number         4  rtx_msgqueue.o(.text.osMessageQueuePut)
    [Anonymous Symbol]                       0x08000f1c   Section        0  rtx_mutex.o(.text.osMutexAcquire)
    __arm_cp.4_0                             0x08000f3c   Number         4  rtx_mutex.o(.text.osMutexAcquire)
    [Anonymous Symbol]                       0x08000f40   Section        0  rtx_mutex.o(.text.osMutexDelete)
    __arm_cp.7_0                             0x08000f60   Number         4  rtx_mutex.o(.text.osMutexDelete)
    [Anonymous Symbol]                       0x08000f64   Section        0  rtx_mutex.o(.text.osMutexNew)
    __arm_cp.2_0                             0x08000f84   Number         4  rtx_mutex.o(.text.osMutexNew)
    [Anonymous Symbol]                       0x08000f88   Section        0  rtx_mutex.o(.text.osMutexRelease)
    __arm_cp.5_0                             0x08000fa8   Number         4  rtx_mutex.o(.text.osMutexRelease)
    [Anonymous Symbol]                       0x08000fac   Section        0  rtx_config.o(.text.osRtxErrorNotify)
    [Anonymous Symbol]                       0x08000fda   Section        0  rtx_kernel.o(.text.osRtxKernelErrorNotify)
    [Anonymous Symbol]                       0x08000fde   Section        0  rtx_kernel.o(.text.osRtxKernelPreInit)
    [Anonymous Symbol]                       0x08000fe0   Section        0  rtx_memory.o(.text.osRtxMemoryAlloc)
    [Anonymous Symbol]                       0x0800104c   Section        0  rtx_memory.o(.text.osRtxMemoryFree)
    [Anonymous Symbol]                       0x0800108e   Section        0  rtx_memory.o(.text.osRtxMemoryInit)
    [Anonymous Symbol]                       0x080010c4   Section        0  rtx_mempool.o(.text.osRtxMemoryPoolAlloc)
    [Anonymous Symbol]                       0x080010fe   Section        0  rtx_mempool.o(.text.osRtxMemoryPoolFree)
    [Anonymous Symbol]                       0x08001148   Section        0  rtx_mempool.o(.text.osRtxMemoryPoolInit)
    osRtxMessageQueuePostProcess             0x08001181   Thumb Code   170  rtx_msgqueue.o(.text.osRtxMessageQueuePostProcess)
    [Anonymous Symbol]                       0x08001180   Section        0  rtx_msgqueue.o(.text.osRtxMessageQueuePostProcess)
    [Anonymous Symbol]                       0x0800122c   Section        0  rtx_msgqueue.o(.text.osRtxMessageQueueTimerSetup)
    __arm_cp.0_0                             0x0800124c   Number         4  rtx_msgqueue.o(.text.osRtxMessageQueueTimerSetup)
    [Anonymous Symbol]                       0x08001250   Section        0  rtx_mutex.o(.text.osRtxMutexOwnerRestore)
    [Anonymous Symbol]                       0x08001298   Section        0  rtx_system.o(.text.osRtxPendSV_Handler)
    [Anonymous Symbol]                       0x08001320   Section        0  rtx_system.o(.text.osRtxPostProcess)
    __arm_cp.2_1                             0x0800138c   Number         4  rtx_system.o(.text.osRtxPostProcess)
    osRtxThreadBlock                         0x08001391   Thumb Code    52  rtx_thread.o(.text.osRtxThreadBlock)
    [Anonymous Symbol]                       0x08001390   Section        0  rtx_thread.o(.text.osRtxThreadBlock)
    osRtxThreadDelayInsert                   0x080013c5   Thumb Code   124  rtx_thread.o(.text.osRtxThreadDelayInsert)
    [Anonymous Symbol]                       0x080013c4   Section        0  rtx_thread.o(.text.osRtxThreadDelayInsert)
    osRtxThreadDelayRemove                   0x08001441   Thumb Code    60  rtx_thread.o(.text.osRtxThreadDelayRemove)
    [Anonymous Symbol]                       0x08001440   Section        0  rtx_thread.o(.text.osRtxThreadDelayRemove)
    [Anonymous Symbol]                       0x0800147c   Section        0  rtx_thread.o(.text.osRtxThreadDelayTick)
    [Anonymous Symbol]                       0x080014cc   Section        0  rtx_thread.o(.text.osRtxThreadDispatch)
    [Anonymous Symbol]                       0x0800151c   Section        0  rtx_thread.o(.text.osRtxThreadListGet)
    [Anonymous Symbol]                       0x0800152e   Section        0  rtx_thread.o(.text.osRtxThreadListPut)
    [Anonymous Symbol]                       0x0800155a   Section        0  rtx_thread.o(.text.osRtxThreadListRemove)
    [Anonymous Symbol]                       0x0800156e   Section        0  rtx_thread.o(.text.osRtxThreadListSort)
    [Anonymous Symbol]                       0x08001594   Section        0  rtx_thread.o(.text.osRtxThreadReadyPut)
    [Anonymous Symbol]                       0x080015a4   Section        0  rtx_thread.o(.text.osRtxThreadRegPtr)
    [Anonymous Symbol]                       0x080015b8   Section        0  rtx_thread.o(.text.osRtxThreadSwitch)
    [Anonymous Symbol]                       0x080015c4   Section        0  rtx_thread.o(.text.osRtxThreadWaitEnter)
    __arm_cp.12_0                            0x080015fc   Number         4  rtx_thread.o(.text.osRtxThreadWaitEnter)
    [Anonymous Symbol]                       0x08001600   Section        0  rtx_thread.o(.text.osRtxThreadWaitExit)
    [Anonymous Symbol]                       0x08001630   Section        0  rtx_system.o(.text.osRtxTick_Handler)
    [Anonymous Symbol]                       0x080016a4   Section        0  rtx_timer.o(.text.osRtxTimerSetup)
    __arm_cp.0_0                             0x080016bc   Number         4  rtx_timer.o(.text.osRtxTimerSetup)
    __arm_cp.0_1                             0x080016c0   Number         4  rtx_timer.o(.text.osRtxTimerSetup)
    [Anonymous Symbol]                       0x080016c4   Section        0  rtx_timer.o(.text.osRtxTimerThread)
    osRtxTimerTick                           0x080016e5   Thumb Code   108  rtx_timer.o(.text.osRtxTimerTick)
    [Anonymous Symbol]                       0x080016e4   Section        0  rtx_timer.o(.text.osRtxTimerTick)
    __arm_cp.1_0                             0x08001750   Number         4  rtx_timer.o(.text.osRtxTimerTick)
    os_kernel_is_active                      0x08001755   Thumb Code    54  rtx_lib.o(.text.os_kernel_is_active)
    [Anonymous Symbol]                       0x08001754   Section        0  rtx_lib.o(.text.os_kernel_is_active)
    svcRtxKernelGetState                     0x0800178d   Thumb Code     8  rtx_kernel.o(.text.svcRtxKernelGetState)
    [Anonymous Symbol]                       0x0800178c   Section        0  rtx_kernel.o(.text.svcRtxKernelGetState)
    __arm_cp.6_0                             0x08001794   Number         4  rtx_kernel.o(.text.svcRtxKernelGetState)
    svcRtxKernelInitialize                   0x08001799   Thumb Code   244  rtx_kernel.o(.text.svcRtxKernelInitialize)
    [Anonymous Symbol]                       0x08001798   Section        0  rtx_kernel.o(.text.svcRtxKernelInitialize)
    __arm_cp.21_0                            0x0800188c   Number         4  rtx_kernel.o(.text.svcRtxKernelInitialize)
    __arm_cp.21_1                            0x08001890   Number         4  rtx_kernel.o(.text.svcRtxKernelInitialize)
    __arm_cp.21_2                            0x08001894   Number         4  rtx_kernel.o(.text.svcRtxKernelInitialize)
    svcRtxMessageQueueGet                    0x08001899   Thumb Code   200  rtx_msgqueue.o(.text.svcRtxMessageQueueGet)
    [Anonymous Symbol]                       0x08001898   Section        0  rtx_msgqueue.o(.text.svcRtxMessageQueueGet)
    __arm_cp.22_0                            0x08001960   Number         4  rtx_msgqueue.o(.text.svcRtxMessageQueueGet)
    svcRtxMessageQueueNew                    0x08001965   Thumb Code   272  rtx_msgqueue.o(.text.svcRtxMessageQueueNew)
    [Anonymous Symbol]                       0x08001964   Section        0  rtx_msgqueue.o(.text.svcRtxMessageQueueNew)
    __arm_cp.1_0                             0x08001a74   Number         4  rtx_msgqueue.o(.text.svcRtxMessageQueueNew)
    __arm_cp.1_1                             0x08001a78   Number         4  rtx_msgqueue.o(.text.svcRtxMessageQueueNew)
    svcRtxMessageQueuePut                    0x08001a7d   Thumb Code   168  rtx_msgqueue.o(.text.svcRtxMessageQueuePut)
    [Anonymous Symbol]                       0x08001a7c   Section        0  rtx_msgqueue.o(.text.svcRtxMessageQueuePut)
    __arm_cp.20_0                            0x08001b24   Number         4  rtx_msgqueue.o(.text.svcRtxMessageQueuePut)
    svcRtxMutexAcquire                       0x08001b29   Thumb Code   140  rtx_mutex.o(.text.svcRtxMutexAcquire)
    [Anonymous Symbol]                       0x08001b28   Section        0  rtx_mutex.o(.text.svcRtxMutexAcquire)
    svcRtxMutexDelete                        0x08001bb5   Thumb Code   172  rtx_mutex.o(.text.svcRtxMutexDelete)
    [Anonymous Symbol]                       0x08001bb4   Section        0  rtx_mutex.o(.text.svcRtxMutexDelete)
    svcRtxMutexNew                           0x08001c61   Thumb Code   100  rtx_mutex.o(.text.svcRtxMutexNew)
    [Anonymous Symbol]                       0x08001c60   Section        0  rtx_mutex.o(.text.svcRtxMutexNew)
    __arm_cp.8_0                             0x08001cc4   Number         4  rtx_mutex.o(.text.svcRtxMutexNew)
    svcRtxMutexRelease                       0x08001cc9   Thumb Code   176  rtx_mutex.o(.text.svcRtxMutexRelease)
    [Anonymous Symbol]                       0x08001cc8   Section        0  rtx_mutex.o(.text.svcRtxMutexRelease)
    __arm_cp.11_0                            0x08001d78   Number         4  rtx_mutex.o(.text.svcRtxMutexRelease)
    $v0                                      0x08001d7c   Number         0  fpinit.o(x$fpl$fpinit)
    x$fpl$fpinit                             0x08001d7c   Section       26  fpinit.o(x$fpl$fpinit)
    __tagsym$$used.4                         0x08001d98   Number         0  rtx_lib.o(.rodata)
    __tagsym$$used.5                         0x08001e08   Number         0  rtx_lib.o(.rodata)
    os_idle_thread_attr                      0x08001e44   Data          36  rtx_lib.o(.rodata.os_idle_thread_attr)
    [Anonymous Symbol]                       0x08001e44   Section        0  rtx_lib.o(.rodata.os_idle_thread_attr)
    os_timer_mq_attr                         0x08001e68   Data          24  rtx_lib.o(.rodata.os_timer_mq_attr)
    [Anonymous Symbol]                       0x08001e68   Section        0  rtx_lib.o(.rodata.os_timer_mq_attr)
    os_timer_thread_attr                     0x08001e80   Data          36  rtx_lib.o(.rodata.os_timer_thread_attr)
    [Anonymous Symbol]                       0x08001e80   Section        0  rtx_lib.o(.rodata.os_timer_thread_attr)
    .L__const.main.arr                       0x08001ea4   Data          23  main.o(.rodata.str1.1)
    [Anonymous Symbol]                       0x08001ea4   Section        0  main.o(.rodata.str1.1)
    [Anonymous Symbol]                       0x08001ebc   Section        0  rtx_kernel.o(.rodata.str1.4)
    .bss                                     0x200000a8   Section       96  libspace.o(.bss)
    os_isr_queue                             0x20000110   Data          64  rtx_lib.o(.bss.os)
    [Anonymous Symbol]                       0x20000110   Section        0  rtx_lib.o(.bss.os)
    os_mem                                   0x20000150   Data       32768  rtx_lib.o(.bss.os)
    os_timer_mq_cb                           0x20008150   Data          52  rtx_lib.o(.bss.os.msgqueue.cb)
    [Anonymous Symbol]                       0x20008150   Section        0  rtx_lib.o(.bss.os.msgqueue.cb)
    os_timer_mq_data                         0x20008184   Data          80  rtx_lib.o(.bss.os.msgqueue.mem)
    [Anonymous Symbol]                       0x20008184   Section        0  rtx_lib.o(.bss.os.msgqueue.mem)
    os_idle_thread_cb                        0x200081d4   Data          68  rtx_lib.o(.bss.os.thread.cb)
    [Anonymous Symbol]                       0x200081d4   Section        0  rtx_lib.o(.bss.os.thread.cb)
    os_timer_thread_cb                       0x20008218   Data          68  rtx_lib.o(.bss.os.thread.cb)
    os_idle_thread_stack                     0x20008260   Data         512  rtx_lib.o(.bss.os.thread.idle.stack)
    [Anonymous Symbol]                       0x20008260   Section        0  rtx_lib.o(.bss.os.thread.idle.stack)
    os_timer_thread_stack                    0x20008460   Data         512  rtx_lib.o(.bss.os.thread.timer.stack)
    [Anonymous Symbol]                       0x20008460   Section        0  rtx_lib.o(.bss.os.thread.timer.stack)
    os_kernel_is_active.os_kernel_active     0x20008660   Data           1  rtx_lib.o(.bss.os_kernel_is_active.os_kernel_active)
    [Anonymous Symbol]                       0x20008660   Section        0  rtx_lib.o(.bss.os_kernel_is_active.os_kernel_active)
    Heap_Mem                                 0x20008668   Data         512  startup_stm32f429xx.o(HEAP)
    HEAP                                     0x20008668   Section      512  startup_stm32f429xx.o(HEAP)
    Stack_Mem                                0x20008868   Data        1024  startup_stm32f429xx.o(STACK)
    STACK                                    0x20008868   Section     1024  startup_stm32f429xx.o(STACK)
    __initial_sp                             0x20008c68   Data           0  startup_stm32f429xx.o(STACK)
    FPCCR                                    0xe000ef34   Number         0  irq_armv7m.o ABSOLUTE

    Global Symbols

    Symbol Name                              Value     Ov Type        Size  Object(Section)

    BuildAttributes$$THM_ISAv4$E$P$D$K$B$S$7EM$VFPi3$EXTD16$VFPS$VFMA$PE$A:L22UL41UL21$X:L11$S22US41US21$IEEE1$IW$~IW$USESV6$~STKCKD$USESV7$~SHL$OSPACE$ROPI$EBA8$UX$STANDARDLIB$REQ8$PRES8$EABIv2 0x00000000   Number         0  anon$$obj.o ABSOLUTE
    .bss.os.evflags.cb$$Base                  - Undefined Weak Reference
    .bss.os.evflags.cb$$Limit                 - Undefined Weak Reference
    .bss.os.mempool.cb$$Base                  - Undefined Weak Reference
    .bss.os.mempool.cb$$Limit                 - Undefined Weak Reference
    .bss.os.mutex.cb$$Base                    - Undefined Weak Reference
    .bss.os.mutex.cb$$Limit                   - Undefined Weak Reference
    .bss.os.semaphore.cb$$Base                - Undefined Weak Reference
    .bss.os.semaphore.cb$$Limit               - Undefined Weak Reference
    .bss.os.timer.cb$$Base                    - Undefined Weak Reference
    .bss.os.timer.cb$$Limit                   - Undefined Weak Reference
    __ARM_exceptions_init                     - Undefined Weak Reference
    __alloca_initialize                       - Undefined Weak Reference
    __arm_preinit_                            - Undefined Weak Reference
    __arm_relocate_pie_                       - Undefined Weak Reference
    __cpp_initialize__aeabi_                  - Undefined Weak Reference
    __cxa_finalize                            - Undefined Weak Reference
    __rt_locale                               - Undefined Weak Reference
    __sigvec_lookup                           - Undefined Weak Reference
    _atexit_init                              - Undefined Weak Reference
    _call_atexit_fns                          - Undefined Weak Reference
    _clock_init                               - Undefined Weak Reference
    _fp_trap_init                             - Undefined Weak Reference
    _fp_trap_shutdown                         - Undefined Weak Reference
    _get_lc_collate                           - Undefined Weak Reference
    _get_lc_ctype                             - Undefined Weak Reference
    _get_lc_monetary                          - Undefined Weak Reference
    _get_lc_numeric                           - Undefined Weak Reference
    _get_lc_time                              - Undefined Weak Reference
    _getenv_init                              - Undefined Weak Reference
    _handle_redirection                       - Undefined Weak Reference
    _init_alloc                               - Undefined Weak Reference
    _init_user_alloc                          - Undefined Weak Reference
    _initio                                   - Undefined Weak Reference
    _rand_init                                - Undefined Weak Reference
    _signal_finish                            - Undefined Weak Reference
    _signal_init                              - Undefined Weak Reference
    _terminate_alloc                          - Undefined Weak Reference
    _terminate_user_alloc                     - Undefined Weak Reference
    _terminateio                              - Undefined Weak Reference
    __Vectors_Size                           0x000001ac   Number         0  startup_stm32f429xx.o ABSOLUTE
    __Vectors                                0x08000000   Data           4  startup_stm32f429xx.o(RESET)
    __Vectors_End                            0x080001ac   Data           0  startup_stm32f429xx.o(RESET)
    __main                                   0x080001ad   Thumb Code     8  __main.o(!!!main)
    __scatterload                            0x080001b5   Thumb Code     0  __scatter.o(!!!scatter)
    __scatterload_rt2                        0x080001b5   Thumb Code    44  __scatter.o(!!!scatter)
    __scatterload_rt2_thumb_only             0x080001b5   Thumb Code     0  __scatter.o(!!!scatter)
    __scatterload_null                       0x080001c3   Thumb Code     0  __scatter.o(!!!scatter)
    __scatterload_copy                       0x080001e9   Thumb Code    26  __scatter_copy.o(!!handler_copy)
    __scatterload_zeroinit                   0x08000205   Thumb Code    28  __scatter_zi.o(!!handler_zi)
    __rt_lib_init                            0x08000221   Thumb Code     0  libinit.o(.ARM.Collect$$libinit$$00000000)
    __rt_lib_init_fp_1                       0x08000223   Thumb Code     0  libinit2.o(.ARM.Collect$$libinit$$00000001)
    __rt_lib_init_alloca_1                   0x08000227   Thumb Code     0  libinit2.o(.ARM.Collect$$libinit$$00000030)
    __rt_lib_init_argv_1                     0x08000227   Thumb Code     0  libinit2.o(.ARM.Collect$$libinit$$0000002E)
    __rt_lib_init_atexit_1                   0x08000227   Thumb Code     0  libinit2.o(.ARM.Collect$$libinit$$0000001D)
    __rt_lib_init_clock_1                    0x08000227   Thumb Code     0  libinit2.o(.ARM.Collect$$libinit$$00000023)
    __rt_lib_init_cpp_1                      0x08000227   Thumb Code     0  libinit2.o(.ARM.Collect$$libinit$$00000034)
    __rt_lib_init_exceptions_1               0x08000227   Thumb Code     0  libinit2.o(.ARM.Collect$$libinit$$00000032)
    __rt_lib_init_fp_trap_1                  0x08000227   Thumb Code     0  libinit2.o(.ARM.Collect$$libinit$$00000021)
    __rt_lib_init_getenv_1                   0x08000227   Thumb Code     0  libinit2.o(.ARM.Collect$$libinit$$00000025)
    __rt_lib_init_heap_1                     0x08000227   Thumb Code     0  libinit2.o(.ARM.Collect$$libinit$$0000000C)
    __rt_lib_init_lc_collate_1               0x08000227   Thumb Code     0  libinit2.o(.ARM.Collect$$libinit$$00000013)
    __rt_lib_init_lc_ctype_1                 0x08000227   Thumb Code     0  libinit2.o(.ARM.Collect$$libinit$$00000015)
    __rt_lib_init_lc_monetary_1              0x08000227   Thumb Code     0  libinit2.o(.ARM.Collect$$libinit$$00000017)
    __rt_lib_init_lc_numeric_1               0x08000227   Thumb Code     0  libinit2.o(.ARM.Collect$$libinit$$00000019)
    __rt_lib_init_lc_time_1                  0x08000227   Thumb Code     0  libinit2.o(.ARM.Collect$$libinit$$0000001B)
    __rt_lib_init_preinit_1                  0x08000227   Thumb Code     0  libinit2.o(.ARM.Collect$$libinit$$00000006)
    __rt_lib_init_rand_1                     0x08000227   Thumb Code     0  libinit2.o(.ARM.Collect$$libinit$$00000010)
    __rt_lib_init_relocate_pie_1             0x08000227   Thumb Code     0  libinit2.o(.ARM.Collect$$libinit$$00000004)
    __rt_lib_init_return                     0x08000227   Thumb Code     0  libinit2.o(.ARM.Collect$$libinit$$00000035)
    __rt_lib_init_signal_1                   0x08000227   Thumb Code     0  libinit2.o(.ARM.Collect$$libinit$$0000001F)
    __rt_lib_init_stdio_1                    0x08000227   Thumb Code     0  libinit2.o(.ARM.Collect$$libinit$$00000027)
    __rt_lib_init_user_alloc_1               0x08000227   Thumb Code     0  libinit2.o(.ARM.Collect$$libinit$$0000000E)
    __rt_lib_shutdown                        0x08000229   Thumb Code     0  libshutdown.o(.ARM.Collect$$libshutdown$$00000000)
    __rt_lib_shutdown_cpp_1                  0x0800022b   Thumb Code     0  libshutdown2.o(.ARM.Collect$$libshutdown$$00000002)
    __rt_lib_shutdown_fp_trap_1              0x0800022b   Thumb Code     0  libshutdown2.o(.ARM.Collect$$libshutdown$$00000007)
    __rt_lib_shutdown_heap_1                 0x0800022b   Thumb Code     0  libshutdown2.o(.ARM.Collect$$libshutdown$$0000000F)
    __rt_lib_shutdown_return                 0x0800022b   Thumb Code     0  libshutdown2.o(.ARM.Collect$$libshutdown$$00000010)
    __rt_lib_shutdown_signal_1               0x0800022b   Thumb Code     0  libshutdown2.o(.ARM.Collect$$libshutdown$$0000000A)
    __rt_lib_shutdown_stdio_1                0x0800022b   Thumb Code     0  libshutdown2.o(.ARM.Collect$$libshutdown$$00000004)
    __rt_lib_shutdown_user_alloc_1           0x0800022b   Thumb Code     0  libshutdown2.o(.ARM.Collect$$libshutdown$$0000000C)
    __rt_entry                               0x0800022d   Thumb Code     0  __rtentry.o(.ARM.Collect$$rtentry$$00000000)
    __rt_entry_presh_1                       0x0800022d   Thumb Code     0  __rtentry2.o(.ARM.Collect$$rtentry$$00000002)
    __rt_entry_sh                            0x0800022d   Thumb Code     0  __rtentry4.o(.ARM.Collect$$rtentry$$00000004)
    __rt_entry_postsh_1                      0x08000233   Thumb Code     0  __rtentry2.o(.ARM.Collect$$rtentry$$00000008)
    __rt_entry_li                            0x0800023b   Thumb Code     0  __rtentry2.o(.ARM.Collect$$rtentry$$0000000A)
    __rt_entry_main                          0x0800023f   Thumb Code     0  __rtentry2.o(.ARM.Collect$$rtentry$$0000000D)
    __rt_entry_postli_1                      0x0800023f   Thumb Code     0  __rtentry2.o(.ARM.Collect$$rtentry$$0000000C)
    __rt_exit                                0x08000247   Thumb Code     0  rtexit.o(.ARM.Collect$$rtexit$$00000000)
    __rt_exit_ls                             0x08000249   Thumb Code     0  rtexit2.o(.ARM.Collect$$rtexit$$00000003)
    __rt_exit_prels_1                        0x08000249   Thumb Code     0  rtexit2.o(.ARM.Collect$$rtexit$$00000002)
    __rt_exit_exit                           0x0800024d   Thumb Code     0  rtexit2.o(.ARM.Collect$$rtexit$$00000004)
    Reset_Handler                            0x08000255   Thumb Code     8  startup_stm32f429xx.o(.text)
    NMI_Handler                              0x0800025d   Thumb Code     2  startup_stm32f429xx.o(.text)
    HardFault_Handler                        0x0800025f   Thumb Code     2  startup_stm32f429xx.o(.text)
    MemManage_Handler                        0x08000261   Thumb Code     2  startup_stm32f429xx.o(.text)
    BusFault_Handler                         0x08000263   Thumb Code     2  startup_stm32f429xx.o(.text)
    UsageFault_Handler                       0x08000265   Thumb Code     2  startup_stm32f429xx.o(.text)
    DebugMon_Handler                         0x08000269   Thumb Code     2  startup_stm32f429xx.o(.text)
    ADC_IRQHandler                           0x0800026f   Thumb Code     0  startup_stm32f429xx.o(.text)
    CAN1_RX0_IRQHandler                      0x0800026f   Thumb Code     0  startup_stm32f429xx.o(.text)
    CAN1_RX1_IRQHandler                      0x0800026f   Thumb Code     0  startup_stm32f429xx.o(.text)
    CAN1_SCE_IRQHandler                      0x0800026f   Thumb Code     0  startup_stm32f429xx.o(.text)
    CAN1_TX_IRQHandler                       0x0800026f   Thumb Code     0  startup_stm32f429xx.o(.text)
    CAN2_RX0_IRQHandler                      0x0800026f   Thumb Code     0  startup_stm32f429xx.o(.text)
    CAN2_RX1_IRQHandler                      0x0800026f   Thumb Code     0  startup_stm32f429xx.o(.text)
    CAN2_SCE_IRQHandler                      0x0800026f   Thumb Code     0  startup_stm32f429xx.o(.text)
    CAN2_TX_IRQHandler                       0x0800026f   Thumb Code     0  startup_stm32f429xx.o(.text)
    DCMI_IRQHandler                          0x0800026f   Thumb Code     0  startup_stm32f429xx.o(.text)
    DMA1_Stream0_IRQHandler                  0x0800026f   Thumb Code     0  startup_stm32f429xx.o(.text)
    DMA1_Stream1_IRQHandler                  0x0800026f   Thumb Code     0  startup_stm32f429xx.o(.text)
    DMA1_Stream2_IRQHandler                  0x0800026f   Thumb Code     0  startup_stm32f429xx.o(.text)
    DMA1_Stream3_IRQHandler                  0x0800026f   Thumb Code     0  startup_stm32f429xx.o(.text)
    DMA1_Stream4_IRQHandler                  0x0800026f   Thumb Code     0  startup_stm32f429xx.o(.text)
    DMA1_Stream5_IRQHandler                  0x0800026f   Thumb Code     0  startup_stm32f429xx.o(.text)
    DMA1_Stream6_IRQHandler                  0x0800026f   Thumb Code     0  startup_stm32f429xx.o(.text)
    DMA1_Stream7_IRQHandler                  0x0800026f   Thumb Code     0  startup_stm32f429xx.o(.text)
    DMA2D_IRQHandler                         0x0800026f   Thumb Code     0  startup_stm32f429xx.o(.text)
    DMA2_Stream0_IRQHandler                  0x0800026f   Thumb Code     0  startup_stm32f429xx.o(.text)
    DMA2_Stream1_IRQHandler                  0x0800026f   Thumb Code     0  startup_stm32f429xx.o(.text)
    DMA2_Stream2_IRQHandler                  0x0800026f   Thumb Code     0  startup_stm32f429xx.o(.text)
    DMA2_Stream3_IRQHandler                  0x0800026f   Thumb Code     0  startup_stm32f429xx.o(.text)
    DMA2_Stream4_IRQHandler                  0x0800026f   Thumb Code     0  startup_stm32f429xx.o(.text)
    DMA2_Stream5_IRQHandler                  0x0800026f   Thumb Code     0  startup_stm32f429xx.o(.text)
    DMA2_Stream6_IRQHandler                  0x0800026f   Thumb Code     0  startup_stm32f429xx.o(.text)
    DMA2_Stream7_IRQHandler                  0x0800026f   Thumb Code     0  startup_stm32f429xx.o(.text)
    ETH_IRQHandler                           0x0800026f   Thumb Code     0  startup_stm32f429xx.o(.text)
    ETH_WKUP_IRQHandler                      0x0800026f   Thumb Code     0  startup_stm32f429xx.o(.text)
    EXTI0_IRQHandler                         0x0800026f   Thumb Code     0  startup_stm32f429xx.o(.text)
    EXTI15_10_IRQHandler                     0x0800026f   Thumb Code     0  startup_stm32f429xx.o(.text)
    EXTI1_IRQHandler                         0x0800026f   Thumb Code     0  startup_stm32f429xx.o(.text)
    EXTI2_IRQHandler                         0x0800026f   Thumb Code     0  startup_stm32f429xx.o(.text)
    EXTI3_IRQHandler                         0x0800026f   Thumb Code     0  startup_stm32f429xx.o(.text)
    EXTI4_IRQHandler                         0x0800026f   Thumb Code     0  startup_stm32f429xx.o(.text)
    EXTI9_5_IRQHandler                       0x0800026f   Thumb Code     0  startup_stm32f429xx.o(.text)
    FLASH_IRQHandler                         0x0800026f   Thumb Code     0  startup_stm32f429xx.o(.text)
    FMC_IRQHandler                           0x0800026f   Thumb Code     0  startup_stm32f429xx.o(.text)
    FPU_IRQHandler                           0x0800026f   Thumb Code     0  startup_stm32f429xx.o(.text)
    HASH_RNG_IRQHandler                      0x0800026f   Thumb Code     0  startup_stm32f429xx.o(.text)
    I2C1_ER_IRQHandler                       0x0800026f   Thumb Code     0  startup_stm32f429xx.o(.text)
    I2C1_EV_IRQHandler                       0x0800026f   Thumb Code     0  startup_stm32f429xx.o(.text)
    I2C2_ER_IRQHandler                       0x0800026f   Thumb Code     0  startup_stm32f429xx.o(.text)
    I2C2_EV_IRQHandler                       0x0800026f   Thumb Code     0  startup_stm32f429xx.o(.text)
    I2C3_ER_IRQHandler                       0x0800026f   Thumb Code     0  startup_stm32f429xx.o(.text)
    I2C3_EV_IRQHandler                       0x0800026f   Thumb Code     0  startup_stm32f429xx.o(.text)
    LTDC_ER_IRQHandler                       0x0800026f   Thumb Code     0  startup_stm32f429xx.o(.text)
    LTDC_IRQHandler                          0x0800026f   Thumb Code     0  startup_stm32f429xx.o(.text)
    OTG_FS_IRQHandler                        0x0800026f   Thumb Code     0  startup_stm32f429xx.o(.text)
    OTG_FS_WKUP_IRQHandler                   0x0800026f   Thumb Code     0  startup_stm32f429xx.o(.text)
    OTG_HS_EP1_IN_IRQHandler                 0x0800026f   Thumb Code     0  startup_stm32f429xx.o(.text)
    OTG_HS_EP1_OUT_IRQHandler                0x0800026f   Thumb Code     0  startup_stm32f429xx.o(.text)
    OTG_HS_IRQHandler                        0x0800026f   Thumb Code     0  startup_stm32f429xx.o(.text)
    OTG_HS_WKUP_IRQHandler                   0x0800026f   Thumb Code     0  startup_stm32f429xx.o(.text)
    PVD_IRQHandler                           0x0800026f   Thumb Code     0  startup_stm32f429xx.o(.text)
    RCC_IRQHandler                           0x0800026f   Thumb Code     0  startup_stm32f429xx.o(.text)
    RTC_Alarm_IRQHandler                     0x0800026f   Thumb Code     0  startup_stm32f429xx.o(.text)
    RTC_WKUP_IRQHandler                      0x0800026f   Thumb Code     0  startup_stm32f429xx.o(.text)
    SAI1_IRQHandler                          0x0800026f   Thumb Code     0  startup_stm32f429xx.o(.text)
    SDIO_IRQHandler                          0x0800026f   Thumb Code     0  startup_stm32f429xx.o(.text)
    SPI1_IRQHandler                          0x0800026f   Thumb Code     0  startup_stm32f429xx.o(.text)
    SPI2_IRQHandler                          0x0800026f   Thumb Code     0  startup_stm32f429xx.o(.text)
    SPI3_IRQHandler                          0x0800026f   Thumb Code     0  startup_stm32f429xx.o(.text)
    SPI4_IRQHandler                          0x0800026f   Thumb Code     0  startup_stm32f429xx.o(.text)
    SPI5_IRQHandler                          0x0800026f   Thumb Code     0  startup_stm32f429xx.o(.text)
    SPI6_IRQHandler                          0x0800026f   Thumb Code     0  startup_stm32f429xx.o(.text)
    TAMP_STAMP_IRQHandler                    0x0800026f   Thumb Code     0  startup_stm32f429xx.o(.text)
    TIM1_BRK_TIM9_IRQHandler                 0x0800026f   Thumb Code     0  startup_stm32f429xx.o(.text)
    TIM1_CC_IRQHandler                       0x0800026f   Thumb Code     0  startup_stm32f429xx.o(.text)
    TIM1_TRG_COM_TIM11_IRQHandler            0x0800026f   Thumb Code     0  startup_stm32f429xx.o(.text)
    TIM1_UP_TIM10_IRQHandler                 0x0800026f   Thumb Code     0  startup_stm32f429xx.o(.text)
    TIM2_IRQHandler                          0x0800026f   Thumb Code     0  startup_stm32f429xx.o(.text)
    TIM3_IRQHandler                          0x0800026f   Thumb Code     0  startup_stm32f429xx.o(.text)
    TIM4_IRQHandler                          0x0800026f   Thumb Code     0  startup_stm32f429xx.o(.text)
    TIM5_IRQHandler                          0x0800026f   Thumb Code     0  startup_stm32f429xx.o(.text)
    TIM6_DAC_IRQHandler                      0x0800026f   Thumb Code     0  startup_stm32f429xx.o(.text)
    TIM7_IRQHandler                          0x0800026f   Thumb Code     0  startup_stm32f429xx.o(.text)
    TIM8_BRK_TIM12_IRQHandler                0x0800026f   Thumb Code     0  startup_stm32f429xx.o(.text)
    TIM8_CC_IRQHandler                       0x0800026f   Thumb Code     0  startup_stm32f429xx.o(.text)
    TIM8_TRG_COM_TIM14_IRQHandler            0x0800026f   Thumb Code     0  startup_stm32f429xx.o(.text)
    TIM8_UP_TIM13_IRQHandler                 0x0800026f   Thumb Code     0  startup_stm32f429xx.o(.text)
    UART4_IRQHandler                         0x0800026f   Thumb Code     0  startup_stm32f429xx.o(.text)
    UART5_IRQHandler                         0x0800026f   Thumb Code     0  startup_stm32f429xx.o(.text)
    UART7_IRQHandler                         0x0800026f   Thumb Code     0  startup_stm32f429xx.o(.text)
    UART8_IRQHandler                         0x0800026f   Thumb Code     0  startup_stm32f429xx.o(.text)
    USART1_IRQHandler                        0x0800026f   Thumb Code     0  startup_stm32f429xx.o(.text)
    USART2_IRQHandler                        0x0800026f   Thumb Code     0  startup_stm32f429xx.o(.text)
    USART3_IRQHandler                        0x0800026f   Thumb Code     0  startup_stm32f429xx.o(.text)
    USART6_IRQHandler                        0x0800026f   Thumb Code     0  startup_stm32f429xx.o(.text)
    WWDG_IRQHandler                          0x0800026f   Thumb Code     0  startup_stm32f429xx.o(.text)
    __user_initial_stackheap                 0x08000271   Thumb Code     0  startup_stm32f429xx.o(.text)
    SVC_Handler                              0x08000295   Thumb Code   154  irq_armv7m.o(.text)
    PendSV_Handler                           0x0800032f   Thumb Code    16  irq_armv7m.o(.text)
    SysTick_Handler                          0x0800033f   Thumb Code    16  irq_armv7m.o(.text)
    __aeabi_memcpy                           0x0800035d   Thumb Code     0  rt_memcpy_v6.o(.text)
    __rt_memcpy                              0x0800035d   Thumb Code   138  rt_memcpy_v6.o(.text)
    _memcpy_lastbytes                        0x080003c3   Thumb Code     0  rt_memcpy_v6.o(.text)
    __aeabi_memclr                           0x080003e7   Thumb Code     0  rt_memclr.o(.text)
    __rt_memclr                              0x080003e7   Thumb Code     0  rt_memclr.o(.text)
    _memset                                  0x080003eb   Thumb Code    64  rt_memclr.o(.text)
    __aeabi_memclr4                          0x0800042b   Thumb Code     0  rt_memclr_w.o(.text)
    __aeabi_memclr8                          0x0800042b   Thumb Code     0  rt_memclr_w.o(.text)
    __rt_memclr_w                            0x0800042b   Thumb Code     0  rt_memclr_w.o(.text)
    _memset_w                                0x0800042f   Thumb Code    74  rt_memclr_w.o(.text)
    __use_two_region_memory                  0x08000479   Thumb Code     2  heapauxi.o(.text)
    __rt_heap_escrow$2region                 0x0800047b   Thumb Code     2  heapauxi.o(.text)
    __rt_heap_expand$2region                 0x0800047d   Thumb Code     2  heapauxi.o(.text)
    __aeabi_memcpy4                          0x0800047f   Thumb Code     0  rt_memcpy_w.o(.text)
    __aeabi_memcpy8                          0x0800047f   Thumb Code     0  rt_memcpy_w.o(.text)
    __rt_memcpy_w                            0x0800047f   Thumb Code   100  rt_memcpy_w.o(.text)
    _memcpy_lastbytes_aligned                0x080004c7   Thumb Code     0  rt_memcpy_w.o(.text)
    __user_setup_stackheap                   0x080004e3   Thumb Code    74  sys_stackheap_outer.o(.text)
    exit                                     0x0800052d   Thumb Code    18  exit.o(.text)
    __user_libspace                          0x08000541   Thumb Code     8  libspace.o(.text)
    __user_perproc_libspace                  0x08000541   Thumb Code     0  libspace.o(.text)
    _sys_exit                                0x08000549   Thumb Code     8  sys_exit.o(.text)
    __I$use$semihosting                      0x08000555   Thumb Code     0  use_no_semi.o(.text)
    __use_no_semihosting_swi                 0x08000555   Thumb Code     2  use_no_semi.o(.text)
    __semihosting_library_function           0x08000557   Thumb Code     0  indicate_semi.o(.text)
    _fp_init                                 0x08000559   Thumb Code    22  rtx_lib.o(.text.$Sub$$_fp_init)
    ADXL_Init                                0x08000571   Thumb Code    46  adxl345.o(.text.ADXL_Init)
    ADXL_Read                                0x080005a1   Thumb Code    32  adxl345.o(.text.ADXL_Read)
    ADXL_Read_Address                        0x080005c1   Thumb Code    30  adxl345.o(.text.ADXL_Read_Address)
    ADXL_Write                               0x080005e1   Thumb Code    32  adxl345.o(.text.ADXL_Write)
    I2C_Init                                 0x08000601   Thumb Code   198  i2c.o(.text.I2C_Init)
    I2C_MORE_BYTE_READ                       0x080006c9   Thumb Code   426  i2c.o(.text.I2C_MORE_BYTE_READ)
    I2C_MORE_BYTE_WRITE                      0x08000875   Thumb Code   270  i2c.o(.text.I2C_MORE_BYTE_WRITE)
    I2C_Read_Byte                            0x08000985   Thumb Code   316  i2c.o(.text.I2C_Read_Byte)
    OS_Tick_AcknowledgeIRQ                   0x08000b75   Thumb Code     8  os_systick.o(.text.OS_Tick_AcknowledgeIRQ)
    SystemInit                               0x08000ba1   Thumb Code    18  system_stm32f4xx.o(.text.SystemInit)
    UART5_Init                               0x08000bf9   Thumb Code   224  uart.o(.text.UART5_Init)
    _mutex_acquire                           0x08000cd9   Thumb Code    32  rtx_lib.o(.text._mutex_acquire)
    _mutex_free                              0x08000cf9   Thumb Code    18  rtx_lib.o(.text._mutex_free)
    _mutex_initialize                        0x08000d0d   Thumb Code    50  rtx_lib.o(.text._mutex_initialize)
    _mutex_release                           0x08000d41   Thumb Code    28  rtx_lib.o(.text._mutex_release)
    _platform_post_stackheap_init            0x08000d5d   Thumb Code     8  rtx_lib.o(.text._platform_post_stackheap_init)
    main                                     0x08000d65   Thumb Code   106  main.o(.text.main)
    osKernelGetState                         0x08000dd1   Thumb Code    40  rtx_kernel.o(.text.osKernelGetState)
    osKernelInitialize                       0x08000e01   Thumb Code    40  rtx_kernel.o(.text.osKernelInitialize)
    osMessageQueueGet                        0x08000e2d   Thumb Code   108  rtx_msgqueue.o(.text.osMessageQueueGet)
    osMessageQueuePut                        0x08000e9d   Thumb Code   124  rtx_msgqueue.o(.text.osMessageQueuePut)
    osMutexAcquire                           0x08000f1d   Thumb Code    32  rtx_mutex.o(.text.osMutexAcquire)
    osMutexDelete                            0x08000f41   Thumb Code    32  rtx_mutex.o(.text.osMutexDelete)
    osMutexNew                               0x08000f65   Thumb Code    32  rtx_mutex.o(.text.osMutexNew)
    osMutexRelease                           0x08000f89   Thumb Code    32  rtx_mutex.o(.text.osMutexRelease)
    osRtxErrorNotify                         0x08000fad   Thumb Code    46  rtx_config.o(.text.osRtxErrorNotify)
    osRtxKernelErrorNotify                   0x08000fdb   Thumb Code     4  rtx_kernel.o(.text.osRtxKernelErrorNotify)
    osRtxKernelPreInit                       0x08000fdf   Thumb Code     2  rtx_kernel.o(.text.osRtxKernelPreInit)
    osRtxMemoryAlloc                         0x08000fe1   Thumb Code   108  rtx_memory.o(.text.osRtxMemoryAlloc)
    osRtxMemoryFree                          0x0800104d   Thumb Code    66  rtx_memory.o(.text.osRtxMemoryFree)
    osRtxMemoryInit                          0x0800108f   Thumb Code    54  rtx_memory.o(.text.osRtxMemoryInit)
    osRtxMemoryPoolAlloc                     0x080010c5   Thumb Code    58  rtx_mempool.o(.text.osRtxMemoryPoolAlloc)
    osRtxMemoryPoolFree                      0x080010ff   Thumb Code    74  rtx_mempool.o(.text.osRtxMemoryPoolFree)
    osRtxMemoryPoolInit                      0x08001149   Thumb Code    56  rtx_mempool.o(.text.osRtxMemoryPoolInit)
    osRtxMessageQueueTimerSetup              0x0800122d   Thumb Code    32  rtx_msgqueue.o(.text.osRtxMessageQueueTimerSetup)
    osRtxMutexOwnerRestore                   0x08001251   Thumb Code    72  rtx_mutex.o(.text.osRtxMutexOwnerRestore)
    osRtxPendSV_Handler                      0x08001299   Thumb Code   136  rtx_system.o(.text.osRtxPendSV_Handler)
    osRtxPostProcess                         0x08001321   Thumb Code   108  rtx_system.o(.text.osRtxPostProcess)
    osRtxThreadDelayTick                     0x0800147d   Thumb Code    80  rtx_thread.o(.text.osRtxThreadDelayTick)
    osRtxThreadDispatch                      0x080014cd   Thumb Code    80  rtx_thread.o(.text.osRtxThreadDispatch)
    osRtxThreadListGet                       0x0800151d   Thumb Code    18  rtx_thread.o(.text.osRtxThreadListGet)
    osRtxThreadListPut                       0x0800152f   Thumb Code    44  rtx_thread.o(.text.osRtxThreadListPut)
    osRtxThreadListRemove                    0x0800155b   Thumb Code    20  rtx_thread.o(.text.osRtxThreadListRemove)
    osRtxThreadListSort                      0x0800156f   Thumb Code    38  rtx_thread.o(.text.osRtxThreadListSort)
    osRtxThreadReadyPut                      0x08001595   Thumb Code    16  rtx_thread.o(.text.osRtxThreadReadyPut)
    osRtxThreadRegPtr                        0x080015a5   Thumb Code    20  rtx_thread.o(.text.osRtxThreadRegPtr)
    osRtxThreadSwitch                        0x080015b9   Thumb Code    12  rtx_thread.o(.text.osRtxThreadSwitch)
    osRtxThreadWaitEnter                     0x080015c5   Thumb Code    56  rtx_thread.o(.text.osRtxThreadWaitEnter)
    osRtxThreadWaitExit                      0x08001601   Thumb Code    48  rtx_thread.o(.text.osRtxThreadWaitExit)
    osRtxTick_Handler                        0x08001631   Thumb Code   116  rtx_system.o(.text.osRtxTick_Handler)
    osRtxTimerSetup                          0x080016a5   Thumb Code    24  rtx_timer.o(.text.osRtxTimerSetup)
    osRtxTimerThread                         0x080016c5   Thumb Code    32  rtx_timer.o(.text.osRtxTimerThread)
    $Super$$_fp_init                         0x08001d7d   Thumb Code    26  fpinit.o(x$fpl$fpinit)
    __fplib_config_fpu_vfp                   0x08001d95   Thumb Code     0  fpinit.o(x$fpl$fpinit)
    __fplib_config_pureend_doubles           0x08001d95   Thumb Code     0  fpinit.o(x$fpl$fpinit)
    osRtxConfig                              0x08001d98   Data         112  rtx_lib.o(.rodata)
    os_cb_sections                           0x08001e08   Data          56  rtx_lib.o(.rodata)
    osRtxUserSVC                             0x08001e40   Data           4  rtx_lib.o(.rodata.osRtxUserSVC)
    Region$$Table$$Base                      0x08001ec8   Number         0  anon$$obj.o(Region$$Table)
    Region$$Table$$Limit                     0x08001ee8   Number         0  anon$$obj.o(Region$$Table)
    osRtxInfo                                0x20000000   Data         164  rtx_kernel.o(.data.os)
    __libspace_start                         0x200000a8   Data          96  libspace.o(.bss)
    __temporary_stack_top$libspace           0x20000108   Data           0  libspace.o(.bss)
    data                                     0x20000108   Data           6  adxl345.o(.bss.data)
    .bss.os.msgqueue.cb$$Base                0x20008150   Number         0  rtx_lib.o(.bss.os.msgqueue.cb)
    .bss.os.msgqueue.cb$$Limit               0x20008184   Number         0  rtx_lib.o(.bss.os.msgqueue.cb)
    .bss.os.thread.cb$$Base                  0x200081d4   Number         0  rtx_lib.o(.bss.os.thread.cb)
    .bss.os.thread.cb$$Limit                 0x2000825c   Number         0  rtx_lib.o(.bss.os.thread.cb)
    result                                   0x20008661   Data           1  adxl345.o(.bss.result)
    x                                        0x20008662   Data           2  main.o(.bss.x)
    y                                        0x20008664   Data           2  main.o(.bss.y)
    z                                        0x20008666   Data           2  main.o(.bss.z)



==============================================================================

Memory Map of the image

  Image Entry point : 0x08000255

  Load Region LR_1 (Base: 0x08000000, Size: 0x00001f8c, Max: 0xffffffff, ABSOLUTE)

    Execution Region ER_RO (Exec base: 0x08000000, Load base: 0x08000000, Size: 0x00001ee8, Max: 0xffffffff, ABSOLUTE)

    Exec Addr    Load Addr    Size         Type   Attr      Idx    E Section Name        Object

    0x08000000   0x08000000   0x000001ac   Data   RO          110    RESET               startup_stm32f429xx.o
    0x080001ac   0x080001ac   0x00000008   Code   RO          611  * !!!main             c_w.l(__main.o)
    0x080001b4   0x080001b4   0x00000034   Code   RO          776    !!!scatter          c_w.l(__scatter.o)
    0x080001e8   0x080001e8   0x0000001a   Code   RO          778    !!handler_copy      c_w.l(__scatter_copy.o)
    0x08000202   0x08000202   0x00000002   PAD
    0x08000204   0x08000204   0x0000001c   Code   RO          780    !!handler_zi        c_w.l(__scatter_zi.o)
    0x08000220   0x08000220   0x00000002   Code   RO          640    .ARM.Collect$$libinit$$00000000  c_w.l(libinit.o)
    0x08000222   0x08000222   0x00000004   Code   RO          646    .ARM.Collect$$libinit$$00000001  c_w.l(libinit2.o)
    0x08000226   0x08000226   0x00000000   Code   RO          649    .ARM.Collect$$libinit$$00000004  c_w.l(libinit2.o)
    0x08000226   0x08000226   0x00000000   Code   RO          651    .ARM.Collect$$libinit$$00000006  c_w.l(libinit2.o)
    0x08000226   0x08000226   0x00000000   Code   RO          654    .ARM.Collect$$libinit$$0000000C  c_w.l(libinit2.o)
    0x08000226   0x08000226   0x00000000   Code   RO          656    .ARM.Collect$$libinit$$0000000E  c_w.l(libinit2.o)
    0x08000226   0x08000226   0x00000000   Code   RO          658    .ARM.Collect$$libinit$$00000010  c_w.l(libinit2.o)
    0x08000226   0x08000226   0x00000000   Code   RO          661    .ARM.Collect$$libinit$$00000013  c_w.l(libinit2.o)
    0x08000226   0x08000226   0x00000000   Code   RO          663    .ARM.Collect$$libinit$$00000015  c_w.l(libinit2.o)
    0x08000226   0x08000226   0x00000000   Code   RO          665    .ARM.Collect$$libinit$$00000017  c_w.l(libinit2.o)
    0x08000226   0x08000226   0x00000000   Code   RO          667    .ARM.Collect$$libinit$$00000019  c_w.l(libinit2.o)
    0x08000226   0x08000226   0x00000000   Code   RO          669    .ARM.Collect$$libinit$$0000001B  c_w.l(libinit2.o)
    0x08000226   0x08000226   0x00000000   Code   RO          671    .ARM.Collect$$libinit$$0000001D  c_w.l(libinit2.o)
    0x08000226   0x08000226   0x00000000   Code   RO          673    .ARM.Collect$$libinit$$0000001F  c_w.l(libinit2.o)
    0x08000226   0x08000226   0x00000000   Code   RO          675    .ARM.Collect$$libinit$$00000021  c_w.l(libinit2.o)
    0x08000226   0x08000226   0x00000000   Code   RO          677    .ARM.Collect$$libinit$$00000023  c_w.l(libinit2.o)
    0x08000226   0x08000226   0x00000000   Code   RO          679    .ARM.Collect$$libinit$$00000025  c_w.l(libinit2.o)
    0x08000226   0x08000226   0x00000000   Code   RO          681    .ARM.Collect$$libinit$$00000027  c_w.l(libinit2.o)
    0x08000226   0x08000226   0x00000000   Code   RO          685    .ARM.Collect$$libinit$$0000002E  c_w.l(libinit2.o)
    0x08000226   0x08000226   0x00000000   Code   RO          687    .ARM.Collect$$libinit$$00000030  c_w.l(libinit2.o)
    0x08000226   0x08000226   0x00000000   Code   RO          689    .ARM.Collect$$libinit$$00000032  c_w.l(libinit2.o)
    0x08000226   0x08000226   0x00000000   Code   RO          691    .ARM.Collect$$libinit$$00000034  c_w.l(libinit2.o)
    0x08000226   0x08000226   0x00000002   Code   RO          692    .ARM.Collect$$libinit$$00000035  c_w.l(libinit2.o)
    0x08000228   0x08000228   0x00000002   Code   RO          712    .ARM.Collect$$libshutdown$$00000000  c_w.l(libshutdown.o)
    0x0800022a   0x0800022a   0x00000000   Code   RO          727    .ARM.Collect$$libshutdown$$00000002  c_w.l(libshutdown2.o)
    0x0800022a   0x0800022a   0x00000000   Code   RO          729    .ARM.Collect$$libshutdown$$00000004  c_w.l(libshutdown2.o)
    0x0800022a   0x0800022a   0x00000000   Code   RO          732    .ARM.Collect$$libshutdown$$00000007  c_w.l(libshutdown2.o)
    0x0800022a   0x0800022a   0x00000000   Code   RO          735    .ARM.Collect$$libshutdown$$0000000A  c_w.l(libshutdown2.o)
    0x0800022a   0x0800022a   0x00000000   Code   RO          737    .ARM.Collect$$libshutdown$$0000000C  c_w.l(libshutdown2.o)
    0x0800022a   0x0800022a   0x00000000   Code   RO          740    .ARM.Collect$$libshutdown$$0000000F  c_w.l(libshutdown2.o)
    0x0800022a   0x0800022a   0x00000002   Code   RO          741    .ARM.Collect$$libshutdown$$00000010  c_w.l(libshutdown2.o)
    0x0800022c   0x0800022c   0x00000000   Code   RO          615    .ARM.Collect$$rtentry$$00000000  c_w.l(__rtentry.o)
    0x0800022c   0x0800022c   0x00000000   Code   RO          619    .ARM.Collect$$rtentry$$00000002  c_w.l(__rtentry2.o)
    0x0800022c   0x0800022c   0x00000006   Code   RO          631    .ARM.Collect$$rtentry$$00000004  c_w.l(__rtentry4.o)
    0x08000232   0x08000232   0x00000008   Code   RO          620    .ARM.Collect$$rtentry$$00000008  c_w.l(__rtentry2.o)
    0x0800023a   0x0800023a   0x00000004   Code   RO          622    .ARM.Collect$$rtentry$$0000000A  c_w.l(__rtentry2.o)
    0x0800023e   0x0800023e   0x00000000   Code   RO          624    .ARM.Collect$$rtentry$$0000000C  c_w.l(__rtentry2.o)
    0x0800023e   0x0800023e   0x00000008   Code   RO          625    .ARM.Collect$$rtentry$$0000000D  c_w.l(__rtentry2.o)
    0x08000246   0x08000246   0x00000002   Code   RO          644    .ARM.Collect$$rtexit$$00000000  c_w.l(rtexit.o)
    0x08000248   0x08000248   0x00000000   Code   RO          694    .ARM.Collect$$rtexit$$00000002  c_w.l(rtexit2.o)
    0x08000248   0x08000248   0x00000004   Code   RO          695    .ARM.Collect$$rtexit$$00000003  c_w.l(rtexit2.o)
    0x0800024c   0x0800024c   0x00000006   Code   RO          696    .ARM.Collect$$rtexit$$00000004  c_w.l(rtexit2.o)
    0x08000252   0x08000252   0x00000002   PAD
    0x08000254   0x08000254   0x00000040   Code   RO          111  * .text               startup_stm32f429xx.o
    0x08000294   0x08000294   0x000000c8   Code   RO          425    .text               RTX_CM4F.lib(irq_armv7m.o)
    0x0800035c   0x0800035c   0x0000008a   Code   RO          603    .text               c_w.l(rt_memcpy_v6.o)
    0x080003e6   0x080003e6   0x00000044   Code   RO          605    .text               c_w.l(rt_memclr.o)
    0x0800042a   0x0800042a   0x0000004e   Code   RO          607    .text               c_w.l(rt_memclr_w.o)
    0x08000478   0x08000478   0x00000006   Code   RO          609    .text               c_w.l(heapauxi.o)
    0x0800047e   0x0800047e   0x00000064   Code   RO          616    .text               c_w.l(rt_memcpy_w.o)
    0x080004e2   0x080004e2   0x0000004a   Code   RO          633    .text               c_w.l(sys_stackheap_outer.o)
    0x0800052c   0x0800052c   0x00000012   Code   RO          635    .text               c_w.l(exit.o)
    0x0800053e   0x0800053e   0x00000002   PAD
    0x08000540   0x08000540   0x00000008   Code   RO          641    .text               c_w.l(libspace.o)
    0x08000548   0x08000548   0x0000000c   Code   RO          702    .text               c_w.l(sys_exit.o)
    0x08000554   0x08000554   0x00000002   Code   RO          717    .text               c_w.l(use_no_semi.o)
    0x08000556   0x08000556   0x00000000   Code   RO          719    .text               c_w.l(indicate_semi.o)
    0x08000556   0x08000556   0x00000002   PAD
    0x08000558   0x08000558   0x00000016   Code   RO           62    .text.$Sub$$_fp_init  rtx_lib.o
    0x0800056e   0x0800056e   0x00000002   PAD
    0x08000570   0x08000570   0x0000002e   Code   RO           49    .text.ADXL_Init     adxl345.o
    0x0800059e   0x0800059e   0x00000002   PAD
    0x080005a0   0x080005a0   0x00000020   Code   RO           47    .text.ADXL_Read     adxl345.o
    0x080005c0   0x080005c0   0x0000001e   Code   RO           43    .text.ADXL_Read_Address  adxl345.o
    0x080005de   0x080005de   0x00000002   PAD
    0x080005e0   0x080005e0   0x00000020   Code   RO           45    .text.ADXL_Write    adxl345.o
    0x08000600   0x08000600   0x000000c6   Code   RO           28    .text.I2C_Init      i2c.o
    0x080006c6   0x080006c6   0x00000002   PAD
    0x080006c8   0x080006c8   0x000001aa   Code   RO           32    .text.I2C_MORE_BYTE_READ  i2c.o
    0x08000872   0x08000872   0x00000002   PAD
    0x08000874   0x08000874   0x0000010e   Code   RO           34    .text.I2C_MORE_BYTE_WRITE  i2c.o
    0x08000982   0x08000982   0x00000002   PAD
    0x08000984   0x08000984   0x0000013c   Code   RO           30    .text.I2C_Read_Byte  i2c.o
    0x08000ac0   0x08000ac0   0x00000040   Code   RO          541    .text.MessageQueueGet  RTX_CM4F.lib(rtx_msgqueue.o)
    0x08000b00   0x08000b00   0x00000058   Code   RO          535    .text.MessageQueuePut  RTX_CM4F.lib(rtx_msgqueue.o)
    0x08000b58   0x08000b58   0x0000001c   Code   RO          533    .text.MessageQueueRemove  RTX_CM4F.lib(rtx_msgqueue.o)
    0x08000b74   0x08000b74   0x0000000c   Code   RO          581    .text.OS_Tick_AcknowledgeIRQ  RTX_CM4F.lib(os_systick.o)
    0x08000b80   0x08000b80   0x0000000c   Code   RO          190    .text.OUTLINED_FUNCTION_0  RTX_CM4F.lib(rtx_kernel.o)
    0x08000b8c   0x08000b8c   0x0000000c   Code   RO          549    .text.OUTLINED_FUNCTION_0  RTX_CM4F.lib(rtx_msgqueue.o)
    0x08000b98   0x08000b98   0x00000006   Code   RO          551    .text.OUTLINED_FUNCTION_1  RTX_CM4F.lib(rtx_msgqueue.o)
    0x08000b9e   0x08000b9e   0x00000002   PAD
    0x08000ba0   0x08000ba0   0x00000012   Code   RO          118    .text.SystemInit    system_stm32f4xx.o
    0x08000bb2   0x08000bb2   0x00000002   PAD
    0x08000bb4   0x08000bb4   0x00000044   Code   RO          366    .text.TimerInsert   RTX_CM4F.lib(rtx_timer.o)
    0x08000bf8   0x08000bf8   0x000000e0   Code   RO           15    .text.UART5_Init    uart.o
    0x08000cd8   0x08000cd8   0x00000020   Code   RO           70    .text._mutex_acquire  rtx_lib.o
    0x08000cf8   0x08000cf8   0x00000012   Code   RO           74    .text._mutex_free   rtx_lib.o
    0x08000d0a   0x08000d0a   0x00000002   PAD
    0x08000d0c   0x08000d0c   0x00000032   Code   RO           68    .text._mutex_initialize  rtx_lib.o
    0x08000d3e   0x08000d3e   0x00000002   PAD
    0x08000d40   0x08000d40   0x0000001c   Code   RO           72    .text._mutex_release  rtx_lib.o
    0x08000d5c   0x08000d5c   0x00000008   Code   RO           60    .text._platform_post_stackheap_init  rtx_lib.o
    0x08000d64   0x08000d64   0x0000006a   Code   RO            2    .text.main          main.o
    0x08000dce   0x08000dce   0x00000002   PAD
    0x08000dd0   0x08000dd0   0x00000030   Code   RO          142    .text.osKernelGetState  RTX_CM4F.lib(rtx_kernel.o)
    0x08000e00   0x08000e00   0x0000002c   Code   RO          136    .text.osKernelInitialize  RTX_CM4F.lib(rtx_kernel.o)
    0x08000e2c   0x08000e2c   0x00000070   Code   RO          509    .text.osMessageQueueGet  RTX_CM4F.lib(rtx_msgqueue.o)
    0x08000e9c   0x08000e9c   0x00000080   Code   RO          507    .text.osMessageQueuePut  RTX_CM4F.lib(rtx_msgqueue.o)
    0x08000f1c   0x08000f1c   0x00000024   Code   RO          398    .text.osMutexAcquire  RTX_CM4F.lib(rtx_mutex.o)
    0x08000f40   0x08000f40   0x00000024   Code   RO          404    .text.osMutexDelete  RTX_CM4F.lib(rtx_mutex.o)
    0x08000f64   0x08000f64   0x00000024   Code   RO          394    .text.osMutexNew    RTX_CM4F.lib(rtx_mutex.o)
    0x08000f88   0x08000f88   0x00000024   Code   RO          400    .text.osMutexRelease  RTX_CM4F.lib(rtx_mutex.o)
    0x08000fac   0x08000fac   0x0000002e   Code   RO          100    .text.osRtxErrorNotify  rtx_config.o
    0x08000fda   0x08000fda   0x00000004   Code   RO          134    .text.osRtxKernelErrorNotify  RTX_CM4F.lib(rtx_kernel.o)
    0x08000fde   0x08000fde   0x00000002   Code   RO          132    .text.osRtxKernelPreInit  RTX_CM4F.lib(rtx_kernel.o)
    0x08000fe0   0x08000fe0   0x0000006c   Code   RO          435    .text.osRtxMemoryAlloc  RTX_CM4F.lib(rtx_memory.o)
    0x0800104c   0x0800104c   0x00000042   Code   RO          437    .text.osRtxMemoryFree  RTX_CM4F.lib(rtx_memory.o)
    0x0800108e   0x0800108e   0x00000036   Code   RO          433    .text.osRtxMemoryInit  RTX_CM4F.lib(rtx_memory.o)
    0x080010c4   0x080010c4   0x0000003a   Code   RO          449    .text.osRtxMemoryPoolAlloc  RTX_CM4F.lib(rtx_mempool.o)
    0x080010fe   0x080010fe   0x0000004a   Code   RO          451    .text.osRtxMemoryPoolFree  RTX_CM4F.lib(rtx_mempool.o)
    0x08001148   0x08001148   0x00000038   Code   RO          447    .text.osRtxMemoryPoolInit  RTX_CM4F.lib(rtx_mempool.o)
    0x08001180   0x08001180   0x000000aa   Code   RO          531    .text.osRtxMessageQueuePostProcess  RTX_CM4F.lib(rtx_msgqueue.o)
    0x0800122a   0x0800122a   0x00000002   PAD
    0x0800122c   0x0800122c   0x00000024   Code   RO          499    .text.osRtxMessageQueueTimerSetup  RTX_CM4F.lib(rtx_msgqueue.o)
    0x08001250   0x08001250   0x00000048   Code   RO          392    .text.osRtxMutexOwnerRestore  RTX_CM4F.lib(rtx_mutex.o)
    0x08001298   0x08001298   0x00000088   Code   RO          563    .text.osRtxPendSV_Handler  RTX_CM4F.lib(rtx_system.o)
    0x08001320   0x08001320   0x00000070   Code   RO          565    .text.osRtxPostProcess  RTX_CM4F.lib(rtx_system.o)
    0x08001390   0x08001390   0x00000034   Code   RO          222    .text.osRtxThreadBlock  RTX_CM4F.lib(rtx_thread.o)
    0x080013c4   0x080013c4   0x0000007c   Code   RO          230    .text.osRtxThreadDelayInsert  RTX_CM4F.lib(rtx_thread.o)
    0x08001440   0x08001440   0x0000003c   Code   RO          226    .text.osRtxThreadDelayRemove  RTX_CM4F.lib(rtx_thread.o)
    0x0800147c   0x0800147c   0x00000050   Code   RO          214    .text.osRtxThreadDelayTick  RTX_CM4F.lib(rtx_thread.o)
    0x080014cc   0x080014cc   0x00000050   Code   RO          220    .text.osRtxThreadDispatch  RTX_CM4F.lib(rtx_thread.o)
    0x0800151c   0x0800151c   0x00000012   Code   RO          206    .text.osRtxThreadListGet  RTX_CM4F.lib(rtx_thread.o)
    0x0800152e   0x0800152e   0x0000002c   Code   RO          204    .text.osRtxThreadListPut  RTX_CM4F.lib(rtx_thread.o)
    0x0800155a   0x0800155a   0x00000014   Code   RO          210    .text.osRtxThreadListRemove  RTX_CM4F.lib(rtx_thread.o)
    0x0800156e   0x0800156e   0x00000026   Code   RO          208    .text.osRtxThreadListSort  RTX_CM4F.lib(rtx_thread.o)
    0x08001594   0x08001594   0x00000010   Code   RO          212    .text.osRtxThreadReadyPut  RTX_CM4F.lib(rtx_thread.o)
    0x080015a4   0x080015a4   0x00000014   Code   RO          216    .text.osRtxThreadRegPtr  RTX_CM4F.lib(rtx_thread.o)
    0x080015b8   0x080015b8   0x0000000c   Code   RO          218    .text.osRtxThreadSwitch  RTX_CM4F.lib(rtx_thread.o)
    0x080015c4   0x080015c4   0x0000003c   Code   RO          228    .text.osRtxThreadWaitEnter  RTX_CM4F.lib(rtx_thread.o)
    0x08001600   0x08001600   0x00000030   Code   RO          224    .text.osRtxThreadWaitExit  RTX_CM4F.lib(rtx_thread.o)
    0x08001630   0x08001630   0x00000074   Code   RO          561    .text.osRtxTick_Handler  RTX_CM4F.lib(rtx_system.o)
    0x080016a4   0x080016a4   0x00000020   Code   RO          348    .text.osRtxTimerSetup  RTX_CM4F.lib(rtx_timer.o)
    0x080016c4   0x080016c4   0x00000020   Code   RO          352    .text.osRtxTimerThread  RTX_CM4F.lib(rtx_timer.o)
    0x080016e4   0x080016e4   0x00000070   Code   RO          350    .text.osRtxTimerTick  RTX_CM4F.lib(rtx_timer.o)
    0x08001754   0x08001754   0x00000036   Code   RO           66    .text.os_kernel_is_active  rtx_lib.o
    0x0800178a   0x0800178a   0x00000002   PAD
    0x0800178c   0x0800178c   0x0000000c   Code   RO          144    .text.svcRtxKernelGetState  RTX_CM4F.lib(rtx_kernel.o)
    0x08001798   0x08001798   0x00000100   Code   RO          174    .text.svcRtxKernelInitialize  RTX_CM4F.lib(rtx_kernel.o)
    0x08001898   0x08001898   0x000000cc   Code   RO          543    .text.svcRtxMessageQueueGet  RTX_CM4F.lib(rtx_msgqueue.o)
    0x08001964   0x08001964   0x00000118   Code   RO          501    .text.svcRtxMessageQueueNew  RTX_CM4F.lib(rtx_msgqueue.o)
    0x08001a7c   0x08001a7c   0x000000ac   Code   RO          539    .text.svcRtxMessageQueuePut  RTX_CM4F.lib(rtx_msgqueue.o)
    0x08001b28   0x08001b28   0x0000008c   Code   RO          410    .text.svcRtxMutexAcquire  RTX_CM4F.lib(rtx_mutex.o)
    0x08001bb4   0x08001bb4   0x000000ac   Code   RO          416    .text.svcRtxMutexDelete  RTX_CM4F.lib(rtx_mutex.o)
    0x08001c60   0x08001c60   0x00000068   Code   RO          406    .text.svcRtxMutexNew  RTX_CM4F.lib(rtx_mutex.o)
    0x08001cc8   0x08001cc8   0x000000b4   Code   RO          412    .text.svcRtxMutexRelease  RTX_CM4F.lib(rtx_mutex.o)
    0x08001d7c   0x08001d7c   0x0000001a   Code   RO          613    x$fpl$fpinit        fz_wm.l(fpinit.o)
    0x08001d96   0x08001d96   0x00000002   PAD
    0x08001d98   0x08001d98   0x00000070   Data   RO           80    .rodata             rtx_lib.o
    0x08001e08   0x08001e08   0x00000038   Data   RO           83    .rodata             rtx_lib.o
    0x08001e40   0x08001e40   0x00000004   Data   RO           82    .rodata.osRtxUserSVC  rtx_lib.o
    0x08001e44   0x08001e44   0x00000024   Data   RO           77    .rodata.os_idle_thread_attr  rtx_lib.o
    0x08001e68   0x08001e68   0x00000018   Data   RO           79    .rodata.os_timer_mq_attr  rtx_lib.o
    0x08001e80   0x08001e80   0x00000024   Data   RO           78    .rodata.os_timer_thread_attr  rtx_lib.o
    0x08001ea4   0x08001ea4   0x00000017   Data   RO            4    .rodata.str1.1      main.o
    0x08001ebb   0x08001ebb   0x00000001   PAD
    0x08001ebc   0x08001ebc   0x0000000b   Data   RO          194    .rodata.str1.4      RTX_CM4F.lib(rtx_kernel.o)
    0x08001ec7   0x08001ec7   0x00000001   PAD
    0x08001ec8   0x08001ec8   0x00000020   Data   RO          775    Region$$Table       anon$$obj.o


    Execution Region ER_RW (Exec base: 0x20000000, Load base: 0x08001ee8, Size: 0x000000a4, Max: 0xffffffff, ABSOLUTE)

    Exec Addr    Load Addr    Size         Type   Attr      Idx    E Section Name        Object

    0x20000000   0x08001ee8   0x000000a4   Data   RW          195    .data.os            RTX_CM4F.lib(rtx_kernel.o)


    Execution Region ER_ZI (Exec base: 0x200000a8, Load base: 0x08001f8c, Size: 0x00008bc0, Max: 0xffffffff, ABSOLUTE)

    Exec Addr    Load Addr    Size         Type   Attr      Idx    E Section Name        Object

    0x200000a8        -       0x00000060   Zero   RW          642    .bss                c_w.l(libspace.o)
    0x20000108        -       0x00000006   Zero   RW           52    .bss.data           adxl345.o
    0x2000010e   0x08001f8c   0x00000002   PAD
    0x20000110        -       0x00008040   Zero   RW           76    .bss.os             rtx_lib.o
    0x20008150        -       0x00000034   Zero   RW           88    .bss.os.msgqueue.cb  rtx_lib.o
    0x20008184        -       0x00000050   Zero   RW           89    .bss.os.msgqueue.mem  rtx_lib.o
    0x200081d4        -       0x00000088   Zero   RW           85    .bss.os.thread.cb   rtx_lib.o
    0x2000825c   0x08001f8c   0x00000004   PAD
    0x20008260        -       0x00000200   Zero   RW           86    .bss.os.thread.idle.stack  rtx_lib.o
    0x20008460        -       0x00000200   Zero   RW           87    .bss.os.thread.timer.stack  rtx_lib.o
    0x20008660        -       0x00000001   Zero   RW           90    .bss.os_kernel_is_active.os_kernel_active  rtx_lib.o
    0x20008661        -       0x00000001   Zero   RW           51    .bss.result         adxl345.o
    0x20008662        -       0x00000002   Zero   RW            5    .bss.x              main.o
    0x20008664        -       0x00000002   Zero   RW            6    .bss.y              main.o
    0x20008666        -       0x00000002   Zero   RW            7    .bss.z              main.o
    0x20008668        -       0x00000200   Zero   RW          109    HEAP                startup_stm32f429xx.o
    0x20008868        -       0x00000400   Zero   RW          108    STACK               startup_stm32f429xx.o


==============================================================================

Image component sizes


      Code (inc. data)   RO Data    RW Data    ZI Data      Debug   Object Name

       140          0          0          0          7        992   adxl345.o
      1210          0          0          0          0       3210   i2c.o
       106          0         23          0          6        680   main.o
        46          6          0          0          0        694   rtx_config.o
       212          0        268          0      34125       7382   rtx_lib.o
        64         26        428          0       1536        868   startup_stm32f429xx.o
        18          0          0          0          0       2619   system_stm32f4xx.o
       224          0          0          0          0       2169   uart.o

    ----------------------------------------------------------------------
      2042         32        752          0      35680      18614   Object Totals
         0          0         32          0          0          0   (incl. Generated)
        22          0          1          0          6          0   (incl. Padding)

    ----------------------------------------------------------------------

      Code (inc. data)   RO Data    RW Data    ZI Data      Debug   Library Member Name

       200         12          0          0          0        634   irq_armv7m.o
        12          4          0          0          0       3199   os_systick.o
       378         28         11        164          0      16781   rtx_kernel.o
       228          0          0          0          0       2590   rtx_memory.o
       188          0          0          0          0      16188   rtx_mempool.o
      1300         28          0          0          0      18765   rtx_msgqueue.o
       812         24          0          0          0      10068   rtx_mutex.o
       364         14          0          0          0       5444   rtx_system.o
       672          4          0          0          0      32486   rtx_thread.o
       244         12          0          0          0      10433   rtx_timer.o
         8          0          0          0          0         68   __main.o
         0          0          0          0          0          0   __rtentry.o
        20          0          0          0          0          0   __rtentry2.o
         6          0          0          0          0          0   __rtentry4.o
        52          8          0          0          0          0   __scatter.o
        26          0          0          0          0          0   __scatter_copy.o
        28          0          0          0          0          0   __scatter_zi.o
        18          0          0          0          0         80   exit.o
         6          0          0          0          0        152   heapauxi.o
         0          0          0          0          0          0   indicate_semi.o
         2          0          0          0          0          0   libinit.o
         6          0          0          0          0          0   libinit2.o
         2          0          0          0          0          0   libshutdown.o
         2          0          0          0          0          0   libshutdown2.o
         8          4          0          0         96         68   libspace.o
        68          0          0          0          0         68   rt_memclr.o
        78          0          0          0          0         80   rt_memclr_w.o
       138          0          0          0          0         68   rt_memcpy_v6.o
       100          0          0          0          0         80   rt_memcpy_w.o
         2          0          0          0          0          0   rtexit.o
        10          0          0          0          0          0   rtexit2.o
        12          4          0          0          0         68   sys_exit.o
        74          0          0          0          0         80   sys_stackheap_outer.o
         2          0          0          0          0         68   use_no_semi.o
        26          0          0          0          0        116   fpinit.o

    ----------------------------------------------------------------------
      5106        142         12        164         96     117584   Library Totals
        14          0          1          0          0          0   (incl. Padding)

    ----------------------------------------------------------------------

      Code (inc. data)   RO Data    RW Data    ZI Data      Debug   Library Name

      4398        126         11        164          0     116588   RTX_CM4F.lib
       668         16          0          0         96        880   c_w.l
        26          0          0          0          0        116   fz_wm.l

    ----------------------------------------------------------------------
      5106        142         12        164         96     117584   Library Totals

    ----------------------------------------------------------------------

==============================================================================


      Code (inc. data)   RO Data    RW Data    ZI Data      Debug   

      7148        174        764        164      35776     135534   Grand Totals
      7148        174        764        164      35776     135534   ELF Image Totals
      7148        174        764        164          0          0   ROM Totals

==============================================================================

    Total RO  Size (Code + RO Data)                 7912 (   7.73kB)
    Total RW  Size (RW Data + ZI Data)             35940 (  35.10kB)
    Total ROM Size (Code + RO Data + RW Data)       8076 (   7.89kB)

==============================================================================

